{
"project:external_webkit-jb-mr1/LayoutTests/dom/html/level2/html/HTMLAreaElement01.html": [
10
],
"project:external_webkit-jb-mr1/LayoutTests/dom/html/level2/html/HTMLAreaElement02.html": [
10
],
"project:external_webkit-jb-mr1/LayoutTests/dom/html/level2/html/HTMLAreaElement03.html": [
10
],
"project:external_webkit-jb-mr1/LayoutTests/dom/html/level2/html/HTMLAreaElement04.html": [
10
],
"project:external_webkit-jb-mr1/LayoutTests/dom/html/level2/html/HTMLAreaElement05.html": [
10
],
"project:external_webkit-jb-mr1/LayoutTests/dom/html/level2/html/HTMLAreaElement06.html": [
10
],
"project:external_webkit-jb-mr1/LayoutTests/dom/html/level2/html/HTMLAreaElement07.html": [
10
],
"project:external_webkit-jb-mr1/LayoutTests/dom/html/level2/html/HTMLBodyElement07.html": [
17,
18
],
"project:external_webkit-jb-mr1/LayoutTests/dom/html/level2/html/HTMLBodyElement08.html": [
17,
18
],
"project:external_webkit-jb-mr1/LayoutTests/dom/html/level2/html/HTMLBodyElement09.html": [
17,
18
],
"project:external_webkit-jb-mr1/LayoutTests/dom/html/level2/html/HTMLBodyElement10.html": [
17,
18
],
"project:external_webkit-jb-mr1/LayoutTests/dom/html/level2/html/HTMLBodyElement11.html": [
17,
18
],
"project:external_webkit-jb-mr1/LayoutTests/dom/html/level2/html/HTMLBodyElement12.html": [
17,
18
],
"project:external_webkit-jb-mr1/LayoutTests/dom/html/level2/html/HTMLDocument01.html": [
17,
18
],
"project:external_webkit-jb-mr1/LayoutTests/dom/html/level2/html/HTMLDocument02.html": [
17,
18
],
"project:external_webkit-jb-mr1/LayoutTests/dom/html/level2/html/HTMLDocument03.html": [
17,
18
],
"project:external_webkit-jb-mr1/LayoutTests/dom/html/level2/html/HTMLDocument04.html": [
17,
18
],
"project:external_webkit-jb-mr1/LayoutTests/dom/html/level2/html/HTMLDocument05.html": [
17,
18
],
"project:external_webkit-jb-mr1/LayoutTests/dom/html/level2/html/HTMLDocument07.html": [
17,
18
],
"project:external_webkit-jb-mr1/LayoutTests/dom/html/level2/html/HTMLDocument08.html": [
17,
18
],
"project:external_webkit-jb-mr1/LayoutTests/dom/html/level2/html/HTMLDocument09.html": [
17,
18
],
"project:external_webkit-jb-mr1/LayoutTests/dom/html/level2/html/HTMLDocument10.html": [
17,
18
],
"project:external_webkit-jb-mr1/LayoutTests/dom/html/level2/html/HTMLDocument11.html": [
17,
18
],
"project:external_webkit-jb-mr1/LayoutTests/dom/html/level2/html/HTMLDocument12.html": [
17,
18
],
"project:external_webkit-jb-mr1/LayoutTests/dom/html/level2/html/HTMLDocument13.html": [
17,
18
],
"project:external_webkit-jb-mr1/LayoutTests/dom/html/level2/html/HTMLDocument14.html": [
17,
18
],
"project:external_webkit-jb-mr1/LayoutTests/dom/html/level2/html/HTMLDocument15.html": [
17,
18
],
"project:external_webkit-jb-mr1/LayoutTests/dom/html/level2/html/HTMLDocument16.html": [
17,
18
],
"project:external_webkit-jb-mr1/LayoutTests/dom/html/level2/html/HTMLDocument17.html": [
17,
18
],
"project:external_webkit-jb-mr1/LayoutTests/dom/html/level2/html/HTMLDocument18.html": [
17,
18
],
"project:external_webkit-jb-mr1/LayoutTests/dom/html/level2/html/HTMLDocument19.html": [
17,
18
],
"project:external_webkit-jb-mr1/LayoutTests/dom/html/level2/html/HTMLDocument20.html": [
17,
18
],
"project:external_webkit-jb-mr1/LayoutTests/dom/html/level2/html/HTMLDocument21.html": [
17,
18
],
"project:external_webkit-jb-mr1/LayoutTests/dom/html/level2/html/HTMLDocument22.html": [
17,
18
],
"project:external_webkit-jb-mr1/LayoutTests/dom/html/level2/html/HTMLDocument23.html": [
17,
18
],
"project:external_webkit-jb-mr1/LayoutTests/dom/html/level2/html/HTMLDocument24.html": [
17,
18
],
"project:external_webkit-jb-mr1/LayoutTests/dom/html/level2/html/HTMLDocument25.html": [
17,
18
],
"project:external_webkit-jb-mr1/LayoutTests/dom/html/level2/html/HTMLDocument26.html": [
17,
18
],
"project:external_webkit-jb-mr1/LayoutTests/dom/html/level2/html/HTMLDocument27.html": [
17,
18
],
"project:external_webkit-jb-mr1/LayoutTests/dom/html/level2/html/HTMLObjectElement01.html": [
9
],
"project:external_webkit-jb-mr1/LayoutTests/dom/html/level2/html/HTMLObjectElement02.html": [
9
],
"project:external_webkit-jb-mr1/LayoutTests/dom/html/level2/html/HTMLObjectElement03.html": [
9
],
"project:external_webkit-jb-mr1/LayoutTests/dom/html/level2/html/HTMLObjectElement04.html": [
9
],
"project:external_webkit-jb-mr1/LayoutTests/dom/html/level2/html/HTMLObjectElement05.html": [
9
],
"project:external_webkit-jb-mr1/LayoutTests/dom/html/level2/html/HTMLObjectElement06.html": [
9
],
"project:external_webkit-jb-mr1/LayoutTests/dom/html/level2/html/HTMLObjectElement07.html": [
9
],
"project:external_webkit-jb-mr1/LayoutTests/dom/html/level2/html/HTMLObjectElement08.html": [
9
],
"project:external_webkit-jb-mr1/LayoutTests/dom/html/level2/html/HTMLObjectElement09.html": [
9
],
"project:external_webkit-jb-mr1/LayoutTests/dom/html/level2/html/HTMLObjectElement10.html": [
9
],
"project:external_webkit-jb-mr1/LayoutTests/dom/html/level2/html/HTMLObjectElement11.html": [
9
],
"project:external_webkit-jb-mr1/LayoutTests/dom/html/level2/html/HTMLObjectElement12.html": [
9
],
"project:external_webkit-jb-mr1/LayoutTests/dom/html/level2/html/HTMLObjectElement13.html": [
9
],
"project:external_webkit-jb-mr1/LayoutTests/dom/html/level2/html/HTMLObjectElement14.html": [
9
],
"project:external_webkit-jb-mr1/LayoutTests/dom/html/level2/html/HTMLObjectElement15.html": [
9
],
"project:external_webkit-jb-mr1/LayoutTests/dom/html/level2/html/HTMLObjectElement16.html": [
9
],
"project:external_webkit-jb-mr1/LayoutTests/dom/html/level2/html/HTMLObjectElement17.html": [
9
],
"project:external_webkit-jb-mr1/LayoutTests/dom/html/level2/html/HTMLObjectElement18.html": [
9
],
"project:external_webkit-jb-mr1/LayoutTests/dom/html/level2/html/HTMLObjectElement19.html": [
9
],
"project:external_webkit-jb-mr1/LayoutTests/dom/html/level2/html/HTMLObjectElement20.html": [
9
],
"project:external_webkit-jb-mr1/LayoutTests/dom/html/level2/html/area01.html": [
10
],
"project:external_webkit-jb-mr1/LayoutTests/dom/html/level2/html/area02.html": [
10
],
"project:external_webkit-jb-mr1/LayoutTests/dom/html/level2/html/area03.html": [
10
],
"project:external_webkit-jb-mr1/LayoutTests/dom/html/level2/html/area04.html": [
10
],
"project:external_webkit-jb-mr1/LayoutTests/dom/html/level2/html/object01.html": [
9
],
"project:external_webkit-jb-mr1/LayoutTests/dom/html/level2/html/object02.html": [
9
],
"project:external_webkit-jb-mr1/LayoutTests/dom/html/level2/html/object03.html": [
9
],
"project:external_webkit-jb-mr1/LayoutTests/dom/html/level2/html/object04.html": [
9
],
"project:external_webkit-jb-mr1/LayoutTests/dom/html/level2/html/object05.html": [
9
],
"project:external_webkit-jb-mr1/LayoutTests/dom/html/level2/html/object07.html": [
9
],
"project:external_webkit-jb-mr1/LayoutTests/dom/html/level2/html/object08.html": [
9
],
"project:external_webkit-jb-mr1/LayoutTests/dom/html/level2/html/object09.html": [
9
],
"project:external_webkit-jb-mr1/LayoutTests/dom/html/level2/html/object10.html": [
9
],
"project:external_webkit-jb-mr1/LayoutTests/dom/html/level2/html/object11.html": [
9
],
"project:external_webkit-jb-mr1/LayoutTests/dom/html/level2/html/object12.html": [
9
],
"project:external_webkit-jb-mr1/LayoutTests/dom/html/level2/html/object13.html": [
9
],
"project:external_webkit-jb-mr1/LayoutTests/dom/html/level2/html/object14.html": [
9
],
"project:external_webkit-jb-mr1/LayoutTests/dom/html/level2/html/object15.html": [
9
],
"project:external_webkit-jb-mr1/LayoutTests/dom/xhtml/level2/html/HTMLAreaElement01.xhtml": [
12
],
"project:external_webkit-jb-mr1/LayoutTests/dom/xhtml/level2/html/HTMLAreaElement02.xhtml": [
12
],
"project:external_webkit-jb-mr1/LayoutTests/dom/xhtml/level2/html/HTMLAreaElement03.xhtml": [
12
],
"project:external_webkit-jb-mr1/LayoutTests/dom/xhtml/level2/html/HTMLAreaElement04.xhtml": [
12
],
"project:external_webkit-jb-mr1/LayoutTests/dom/xhtml/level2/html/HTMLAreaElement05.xhtml": [
12
],
"project:external_webkit-jb-mr1/LayoutTests/dom/xhtml/level2/html/HTMLAreaElement06.xhtml": [
12
],
"project:external_webkit-jb-mr1/LayoutTests/dom/xhtml/level2/html/HTMLAreaElement07.xhtml": [
12
],
"project:external_webkit-jb-mr1/LayoutTests/dom/xhtml/level2/html/HTMLBodyElement07.xhtml": [
19,
20
],
"project:external_webkit-jb-mr1/LayoutTests/dom/xhtml/level2/html/HTMLBodyElement08.xhtml": [
19,
20
],
"project:external_webkit-jb-mr1/LayoutTests/dom/xhtml/level2/html/HTMLBodyElement09.xhtml": [
19,
20
],
"project:external_webkit-jb-mr1/LayoutTests/dom/xhtml/level2/html/HTMLBodyElement10.xhtml": [
19,
20
],
"project:external_webkit-jb-mr1/LayoutTests/dom/xhtml/level2/html/HTMLBodyElement11.xhtml": [
19,
20
],
"project:external_webkit-jb-mr1/LayoutTests/dom/xhtml/level2/html/HTMLBodyElement12.xhtml": [
19,
20
],
"project:external_webkit-jb-mr1/LayoutTests/dom/xhtml/level2/html/HTMLDocument01.xhtml": [
19,
20
],
"project:external_webkit-jb-mr1/LayoutTests/dom/xhtml/level2/html/HTMLDocument02.xhtml": [
19,
20
],
"project:external_webkit-jb-mr1/LayoutTests/dom/xhtml/level2/html/HTMLDocument03.xhtml": [
19,
20
],
"project:external_webkit-jb-mr1/LayoutTests/dom/xhtml/level2/html/HTMLDocument04.xhtml": [
19,
20
],
"project:external_webkit-jb-mr1/LayoutTests/dom/xhtml/level2/html/HTMLDocument05.xhtml": [
19,
20
],
"project:external_webkit-jb-mr1/LayoutTests/dom/xhtml/level2/html/HTMLDocument07.xhtml": [
19,
20
],
"project:external_webkit-jb-mr1/LayoutTests/dom/xhtml/level2/html/HTMLDocument08.xhtml": [
19,
20
],
"project:external_webkit-jb-mr1/LayoutTests/dom/xhtml/level2/html/HTMLDocument09.xhtml": [
19,
20
],
"project:external_webkit-jb-mr1/LayoutTests/dom/xhtml/level2/html/HTMLDocument10.xhtml": [
19,
20
],
"project:external_webkit-jb-mr1/LayoutTests/dom/xhtml/level2/html/HTMLDocument11.xhtml": [
19,
20
],
"project:external_webkit-jb-mr1/LayoutTests/dom/xhtml/level2/html/HTMLDocument12.xhtml": [
19,
20
],
"project:external_webkit-jb-mr1/LayoutTests/dom/xhtml/level2/html/HTMLDocument13.xhtml": [
19,
20
],
"project:external_webkit-jb-mr1/LayoutTests/dom/xhtml/level2/html/HTMLDocument14.xhtml": [
19,
20
],
"project:external_webkit-jb-mr1/LayoutTests/dom/xhtml/level2/html/HTMLDocument15.xhtml": [
19,
20
],
"project:external_webkit-jb-mr1/LayoutTests/dom/xhtml/level2/html/HTMLDocument16.xhtml": [
19,
20
],
"project:external_webkit-jb-mr1/LayoutTests/dom/xhtml/level2/html/HTMLDocument17.xhtml": [
19,
20
],
"project:external_webkit-jb-mr1/LayoutTests/dom/xhtml/level2/html/HTMLDocument18.xhtml": [
19,
20
],
"project:external_webkit-jb-mr1/LayoutTests/dom/xhtml/level2/html/HTMLDocument19.xhtml": [
19,
20
],
"project:external_webkit-jb-mr1/LayoutTests/dom/xhtml/level2/html/HTMLDocument20.xhtml": [
19,
20
],
"project:external_webkit-jb-mr1/LayoutTests/dom/xhtml/level2/html/HTMLDocument21.xhtml": [
19,
20
],
"project:external_webkit-jb-mr1/LayoutTests/dom/xhtml/level2/html/HTMLDocument22.xhtml": [
19,
20
],
"project:external_webkit-jb-mr1/LayoutTests/dom/xhtml/level2/html/HTMLDocument23.xhtml": [
19,
20
],
"project:external_webkit-jb-mr1/LayoutTests/dom/xhtml/level2/html/HTMLDocument24.xhtml": [
19,
20
],
"project:external_webkit-jb-mr1/LayoutTests/dom/xhtml/level2/html/HTMLDocument25.xhtml": [
19,
20
],
"project:external_webkit-jb-mr1/LayoutTests/dom/xhtml/level2/html/HTMLDocument26.xhtml": [
19,
20
],
"project:external_webkit-jb-mr1/LayoutTests/dom/xhtml/level2/html/HTMLDocument27.xhtml": [
19,
20
],
"project:external_webkit-jb-mr1/LayoutTests/dom/xhtml/level2/html/HTMLObjectElement01.xhtml": [
11
],
"project:external_webkit-jb-mr1/LayoutTests/dom/xhtml/level2/html/HTMLObjectElement02.xhtml": [
11
],
"project:external_webkit-jb-mr1/LayoutTests/dom/xhtml/level2/html/HTMLObjectElement03.xhtml": [
11
],
"project:external_webkit-jb-mr1/LayoutTests/dom/xhtml/level2/html/HTMLObjectElement04.xhtml": [
11
],
"project:external_webkit-jb-mr1/LayoutTests/dom/xhtml/level2/html/HTMLObjectElement05.xhtml": [
11
],
"project:external_webkit-jb-mr1/LayoutTests/dom/xhtml/level2/html/HTMLObjectElement06.xhtml": [
11
],
"project:external_webkit-jb-mr1/LayoutTests/dom/xhtml/level2/html/HTMLObjectElement07.xhtml": [
11
],
"project:external_webkit-jb-mr1/LayoutTests/dom/xhtml/level2/html/HTMLObjectElement08.xhtml": [
11
],
"project:external_webkit-jb-mr1/LayoutTests/dom/xhtml/level2/html/HTMLObjectElement09.xhtml": [
11
],
"project:external_webkit-jb-mr1/LayoutTests/dom/xhtml/level2/html/HTMLObjectElement10.xhtml": [
11
],
"project:external_webkit-jb-mr1/LayoutTests/dom/xhtml/level2/html/HTMLObjectElement11.xhtml": [
11
],
"project:external_webkit-jb-mr1/LayoutTests/dom/xhtml/level2/html/HTMLObjectElement12.xhtml": [
11
],
"project:external_webkit-jb-mr1/LayoutTests/dom/xhtml/level2/html/HTMLObjectElement13.xhtml": [
11
],
"project:external_webkit-jb-mr1/LayoutTests/dom/xhtml/level2/html/HTMLObjectElement14.xhtml": [
11
],
"project:external_webkit-jb-mr1/LayoutTests/dom/xhtml/level2/html/HTMLObjectElement15.xhtml": [
11
],
"project:external_webkit-jb-mr1/LayoutTests/dom/xhtml/level2/html/HTMLObjectElement16.xhtml": [
11
],
"project:external_webkit-jb-mr1/LayoutTests/dom/xhtml/level2/html/HTMLObjectElement17.xhtml": [
11
],
"project:external_webkit-jb-mr1/LayoutTests/dom/xhtml/level2/html/HTMLObjectElement18.xhtml": [
11
],
"project:external_webkit-jb-mr1/LayoutTests/dom/xhtml/level2/html/HTMLObjectElement19.xhtml": [
11
],
"project:external_webkit-jb-mr1/LayoutTests/dom/xhtml/level2/html/HTMLObjectElement20.xhtml": [
11
],
"project:external_webkit-jb-mr1/LayoutTests/dom/xhtml/level2/html/area01.xhtml": [
12
],
"project:external_webkit-jb-mr1/LayoutTests/dom/xhtml/level2/html/area02.xhtml": [
12
],
"project:external_webkit-jb-mr1/LayoutTests/dom/xhtml/level2/html/area03.xhtml": [
12
],
"project:external_webkit-jb-mr1/LayoutTests/dom/xhtml/level2/html/area04.xhtml": [
12
],
"project:external_webkit-jb-mr1/LayoutTests/dom/xhtml/level2/html/object01.xhtml": [
11
],
"project:external_webkit-jb-mr1/LayoutTests/dom/xhtml/level2/html/object02.xhtml": [
11
],
"project:external_webkit-jb-mr1/LayoutTests/dom/xhtml/level2/html/object03.xhtml": [
11
],
"project:external_webkit-jb-mr1/LayoutTests/dom/xhtml/level2/html/object04.xhtml": [
11
],
"project:external_webkit-jb-mr1/LayoutTests/dom/xhtml/level2/html/object05.xhtml": [
11
],
"project:external_webkit-jb-mr1/LayoutTests/dom/xhtml/level2/html/object07.xhtml": [
11
],
"project:external_webkit-jb-mr1/LayoutTests/dom/xhtml/level2/html/object08.xhtml": [
11
],
"project:external_webkit-jb-mr1/LayoutTests/dom/xhtml/level2/html/object09.xhtml": [
11
],
"project:external_webkit-jb-mr1/LayoutTests/dom/xhtml/level2/html/object10.xhtml": [
11
],
"project:external_webkit-jb-mr1/LayoutTests/dom/xhtml/level2/html/object11.xhtml": [
11
],
"project:external_webkit-jb-mr1/LayoutTests/dom/xhtml/level2/html/object12.xhtml": [
11
],
"project:external_webkit-jb-mr1/LayoutTests/dom/xhtml/level2/html/object13.xhtml": [
11
],
"project:external_webkit-jb-mr1/LayoutTests/dom/xhtml/level2/html/object14.xhtml": [
11
],
"project:external_webkit-jb-mr1/LayoutTests/dom/xhtml/level2/html/object15.xhtml": [
11
],
"project:external_webkit-jb-mr1/Source/WebCore/manual-tests/win/contextmenu-key.html": [
67
]
}
