{
"project:voten/resources/assets/js/components/passport/Clients.vue": [
84,
152
],
"project:voten/resources/assets/js/components/passport/PersonalAccessTokens.vue": [
67,
135
]
}
