{
"project:external_webkit-jb-mr1/LayoutTests/dom/html/level2/html/HTMLAnchorElement01.html": [
9
],
"project:external_webkit-jb-mr1/LayoutTests/dom/html/level2/html/HTMLAnchorElement02.html": [
9
],
"project:external_webkit-jb-mr1/LayoutTests/dom/html/level2/html/HTMLAnchorElement03.html": [
9
],
"project:external_webkit-jb-mr1/LayoutTests/dom/html/level2/html/HTMLAnchorElement04.html": [
9
],
"project:external_webkit-jb-mr1/LayoutTests/dom/html/level2/html/HTMLAnchorElement05.html": [
9
],
"project:external_webkit-jb-mr1/LayoutTests/dom/html/level2/html/HTMLAnchorElement06.html": [
9
],
"project:external_webkit-jb-mr1/LayoutTests/dom/html/level2/html/HTMLAnchorElement07.html": [
9
],
"project:external_webkit-jb-mr1/LayoutTests/dom/html/level2/html/HTMLAnchorElement08.html": [
9
],
"project:external_webkit-jb-mr1/LayoutTests/dom/html/level2/html/HTMLAnchorElement09.html": [
9
],
"project:external_webkit-jb-mr1/LayoutTests/dom/html/level2/html/HTMLAnchorElement10.html": [
9
],
"project:external_webkit-jb-mr1/LayoutTests/dom/html/level2/html/HTMLAnchorElement12.html": [
9
],
"project:external_webkit-jb-mr1/LayoutTests/dom/html/level2/html/HTMLAnchorElement13.html": [
9
],
"project:external_webkit-jb-mr1/LayoutTests/dom/html/level2/html/HTMLAnchorElement14.html": [
9
],
"project:external_webkit-jb-mr1/LayoutTests/dom/html/level2/html/HTMLAreaElement01.html": [
10
],
"project:external_webkit-jb-mr1/LayoutTests/dom/html/level2/html/HTMLAreaElement02.html": [
10
],
"project:external_webkit-jb-mr1/LayoutTests/dom/html/level2/html/HTMLAreaElement03.html": [
10
],
"project:external_webkit-jb-mr1/LayoutTests/dom/html/level2/html/HTMLAreaElement04.html": [
10
],
"project:external_webkit-jb-mr1/LayoutTests/dom/html/level2/html/HTMLAreaElement05.html": [
10
],
"project:external_webkit-jb-mr1/LayoutTests/dom/html/level2/html/HTMLAreaElement06.html": [
10
],
"project:external_webkit-jb-mr1/LayoutTests/dom/html/level2/html/HTMLAreaElement07.html": [
10
],
"project:external_webkit-jb-mr1/LayoutTests/dom/html/level2/html/HTMLBodyElement07.html": [
17,
18,
33
],
"project:external_webkit-jb-mr1/LayoutTests/dom/html/level2/html/HTMLBodyElement08.html": [
17,
18,
33
],
"project:external_webkit-jb-mr1/LayoutTests/dom/html/level2/html/HTMLBodyElement09.html": [
17,
18,
33
],
"project:external_webkit-jb-mr1/LayoutTests/dom/html/level2/html/HTMLBodyElement10.html": [
17,
18,
33
],
"project:external_webkit-jb-mr1/LayoutTests/dom/html/level2/html/HTMLBodyElement11.html": [
17,
18,
33
],
"project:external_webkit-jb-mr1/LayoutTests/dom/html/level2/html/HTMLBodyElement12.html": [
17,
18,
33
],
"project:external_webkit-jb-mr1/LayoutTests/dom/html/level2/html/HTMLButtonElement01.html": [
10
],
"project:external_webkit-jb-mr1/LayoutTests/dom/html/level2/html/HTMLButtonElement02.html": [
10
],
"project:external_webkit-jb-mr1/LayoutTests/dom/html/level2/html/HTMLButtonElement03.html": [
10
],
"project:external_webkit-jb-mr1/LayoutTests/dom/html/level2/html/HTMLButtonElement04.html": [
10
],
"project:external_webkit-jb-mr1/LayoutTests/dom/html/level2/html/HTMLButtonElement05.html": [
10
],
"project:external_webkit-jb-mr1/LayoutTests/dom/html/level2/html/HTMLButtonElement06.html": [
10
],
"project:external_webkit-jb-mr1/LayoutTests/dom/html/level2/html/HTMLButtonElement07.html": [
10
],
"project:external_webkit-jb-mr1/LayoutTests/dom/html/level2/html/HTMLButtonElement08.html": [
10
],
"project:external_webkit-jb-mr1/LayoutTests/dom/html/level2/html/HTMLDocument01.html": [
17,
18,
33
],
"project:external_webkit-jb-mr1/LayoutTests/dom/html/level2/html/HTMLDocument02.html": [
17,
18,
33
],
"project:external_webkit-jb-mr1/LayoutTests/dom/html/level2/html/HTMLDocument03.html": [
17,
18,
33
],
"project:external_webkit-jb-mr1/LayoutTests/dom/html/level2/html/HTMLDocument04.html": [
17,
18,
33
],
"project:external_webkit-jb-mr1/LayoutTests/dom/html/level2/html/HTMLDocument05.html": [
17,
18,
33
],
"project:external_webkit-jb-mr1/LayoutTests/dom/html/level2/html/HTMLDocument07.html": [
17,
18,
33
],
"project:external_webkit-jb-mr1/LayoutTests/dom/html/level2/html/HTMLDocument08.html": [
17,
18,
33
],
"project:external_webkit-jb-mr1/LayoutTests/dom/html/level2/html/HTMLDocument09.html": [
17,
18,
33
],
"project:external_webkit-jb-mr1/LayoutTests/dom/html/level2/html/HTMLDocument10.html": [
17,
18,
33
],
"project:external_webkit-jb-mr1/LayoutTests/dom/html/level2/html/HTMLDocument11.html": [
17,
18,
33
],
"project:external_webkit-jb-mr1/LayoutTests/dom/html/level2/html/HTMLDocument12.html": [
17,
18,
33
],
"project:external_webkit-jb-mr1/LayoutTests/dom/html/level2/html/HTMLDocument13.html": [
17,
18,
33
],
"project:external_webkit-jb-mr1/LayoutTests/dom/html/level2/html/HTMLDocument14.html": [
17,
18,
33
],
"project:external_webkit-jb-mr1/LayoutTests/dom/html/level2/html/HTMLDocument15.html": [
17,
18,
33
],
"project:external_webkit-jb-mr1/LayoutTests/dom/html/level2/html/HTMLDocument16.html": [
17,
18,
33
],
"project:external_webkit-jb-mr1/LayoutTests/dom/html/level2/html/HTMLDocument17.html": [
17,
18,
33
],
"project:external_webkit-jb-mr1/LayoutTests/dom/html/level2/html/HTMLDocument18.html": [
17,
18,
33
],
"project:external_webkit-jb-mr1/LayoutTests/dom/html/level2/html/HTMLDocument19.html": [
17,
18,
33
],
"project:external_webkit-jb-mr1/LayoutTests/dom/html/level2/html/HTMLDocument20.html": [
17,
18,
33
],
"project:external_webkit-jb-mr1/LayoutTests/dom/html/level2/html/HTMLDocument21.html": [
17,
18,
33
],
"project:external_webkit-jb-mr1/LayoutTests/dom/html/level2/html/HTMLDocument22.html": [
17,
18,
33
],
"project:external_webkit-jb-mr1/LayoutTests/dom/html/level2/html/HTMLDocument23.html": [
17,
18,
33
],
"project:external_webkit-jb-mr1/LayoutTests/dom/html/level2/html/HTMLDocument24.html": [
17,
18,
33
],
"project:external_webkit-jb-mr1/LayoutTests/dom/html/level2/html/HTMLDocument25.html": [
17,
18,
33
],
"project:external_webkit-jb-mr1/LayoutTests/dom/html/level2/html/HTMLDocument26.html": [
17,
18,
33
],
"project:external_webkit-jb-mr1/LayoutTests/dom/html/level2/html/HTMLDocument27.html": [
17,
18,
33
],
"project:external_webkit-jb-mr1/LayoutTests/dom/html/level2/html/HTMLInputElement01.html": [
15,
23
],
"project:external_webkit-jb-mr1/LayoutTests/dom/html/level2/html/HTMLInputElement02.html": [
15,
23
],
"project:external_webkit-jb-mr1/LayoutTests/dom/html/level2/html/HTMLInputElement03.html": [
15,
23
],
"project:external_webkit-jb-mr1/LayoutTests/dom/html/level2/html/HTMLInputElement04.html": [
15,
23
],
"project:external_webkit-jb-mr1/LayoutTests/dom/html/level2/html/HTMLInputElement05.html": [
15,
23
],
"project:external_webkit-jb-mr1/LayoutTests/dom/html/level2/html/HTMLInputElement06.html": [
15,
23
],
"project:external_webkit-jb-mr1/LayoutTests/dom/html/level2/html/HTMLInputElement07.html": [
15,
23
],
"project:external_webkit-jb-mr1/LayoutTests/dom/html/level2/html/HTMLInputElement08.html": [
15,
23
],
"project:external_webkit-jb-mr1/LayoutTests/dom/html/level2/html/HTMLInputElement09.html": [
15,
23
],
"project:external_webkit-jb-mr1/LayoutTests/dom/html/level2/html/HTMLInputElement10.html": [
15,
23
],
"project:external_webkit-jb-mr1/LayoutTests/dom/html/level2/html/HTMLInputElement11.html": [
15,
23
],
"project:external_webkit-jb-mr1/LayoutTests/dom/html/level2/html/HTMLInputElement12.html": [
15,
23
],
"project:external_webkit-jb-mr1/LayoutTests/dom/html/level2/html/HTMLInputElement13.html": [
15,
23
],
"project:external_webkit-jb-mr1/LayoutTests/dom/html/level2/html/HTMLInputElement14.html": [
15,
23
],
"project:external_webkit-jb-mr1/LayoutTests/dom/html/level2/html/HTMLInputElement15.html": [
15,
23
],
"project:external_webkit-jb-mr1/LayoutTests/dom/html/level2/html/HTMLInputElement16.html": [
15,
23
],
"project:external_webkit-jb-mr1/LayoutTests/dom/html/level2/html/HTMLInputElement17.html": [
15,
23
],
"project:external_webkit-jb-mr1/LayoutTests/dom/html/level2/html/HTMLInputElement18.html": [
15,
23
],
"project:external_webkit-jb-mr1/LayoutTests/dom/html/level2/html/HTMLInputElement19.html": [
15,
23
],
"project:external_webkit-jb-mr1/LayoutTests/dom/html/level2/html/HTMLInputElement20.html": [
15,
23
],
"project:external_webkit-jb-mr1/LayoutTests/dom/html/level2/html/HTMLInputElement21.html": [
15,
23
],
"project:external_webkit-jb-mr1/LayoutTests/dom/html/level2/html/HTMLInputElement22.html": [
15,
23
],
"project:external_webkit-jb-mr1/LayoutTests/dom/html/level2/html/HTMLLabelElement01.html": [
10,
15
],
"project:external_webkit-jb-mr1/LayoutTests/dom/html/level2/html/HTMLLabelElement02.html": [
10,
15
],
"project:external_webkit-jb-mr1/LayoutTests/dom/html/level2/html/HTMLLabelElement03.html": [
10,
15
],
"project:external_webkit-jb-mr1/LayoutTests/dom/html/level2/html/HTMLLabelElement04.html": [
10,
15
],
"project:external_webkit-jb-mr1/LayoutTests/dom/html/level2/html/HTMLLegendElement01.html": [
10,
15
],
"project:external_webkit-jb-mr1/LayoutTests/dom/html/level2/html/HTMLLegendElement02.html": [
10,
15
],
"project:external_webkit-jb-mr1/LayoutTests/dom/html/level2/html/HTMLLegendElement03.html": [
10,
15
],
"project:external_webkit-jb-mr1/LayoutTests/dom/html/level2/html/HTMLLegendElement04.html": [
10,
15
],
"project:external_webkit-jb-mr1/LayoutTests/dom/html/level2/html/HTMLTextAreaElement01.html": [
10
],
"project:external_webkit-jb-mr1/LayoutTests/dom/html/level2/html/HTMLTextAreaElement02.html": [
10
],
"project:external_webkit-jb-mr1/LayoutTests/dom/html/level2/html/HTMLTextAreaElement03.html": [
10
],
"project:external_webkit-jb-mr1/LayoutTests/dom/html/level2/html/HTMLTextAreaElement04.html": [
10
],
"project:external_webkit-jb-mr1/LayoutTests/dom/html/level2/html/HTMLTextAreaElement05.html": [
10
],
"project:external_webkit-jb-mr1/LayoutTests/dom/html/level2/html/HTMLTextAreaElement06.html": [
10
],
"project:external_webkit-jb-mr1/LayoutTests/dom/html/level2/html/HTMLTextAreaElement07.html": [
10
],
"project:external_webkit-jb-mr1/LayoutTests/dom/html/level2/html/HTMLTextAreaElement08.html": [
10
],
"project:external_webkit-jb-mr1/LayoutTests/dom/html/level2/html/HTMLTextAreaElement09.html": [
10
],
"project:external_webkit-jb-mr1/LayoutTests/dom/html/level2/html/HTMLTextAreaElement10.html": [
10
],
"project:external_webkit-jb-mr1/LayoutTests/dom/html/level2/html/HTMLTextAreaElement11.html": [
10
],
"project:external_webkit-jb-mr1/LayoutTests/dom/html/level2/html/HTMLTextAreaElement12.html": [
10
],
"project:external_webkit-jb-mr1/LayoutTests/dom/html/level2/html/HTMLTextAreaElement13.html": [
10
],
"project:external_webkit-jb-mr1/LayoutTests/dom/html/level2/html/HTMLTextAreaElement14.html": [
10
],
"project:external_webkit-jb-mr1/LayoutTests/dom/html/level2/html/HTMLTextAreaElement15.html": [
10
],
"project:external_webkit-jb-mr1/LayoutTests/dom/html/level2/html/anchor01.html": [
9
],
"project:external_webkit-jb-mr1/LayoutTests/dom/html/level2/html/anchor02.html": [
9
],
"project:external_webkit-jb-mr1/LayoutTests/dom/html/level2/html/anchor03.html": [
9
],
"project:external_webkit-jb-mr1/LayoutTests/dom/html/level2/html/anchor04.html": [
9
],
"project:external_webkit-jb-mr1/LayoutTests/dom/html/level2/html/anchor05.html": [
9
],
"project:external_webkit-jb-mr1/LayoutTests/dom/html/level2/html/anchor06.html": [
9
],
"project:external_webkit-jb-mr1/LayoutTests/dom/html/level2/html/area01.html": [
10
],
"project:external_webkit-jb-mr1/LayoutTests/dom/html/level2/html/area02.html": [
10
],
"project:external_webkit-jb-mr1/LayoutTests/dom/html/level2/html/area03.html": [
10
],
"project:external_webkit-jb-mr1/LayoutTests/dom/html/level2/html/area04.html": [
10
],
"project:external_webkit-jb-mr1/LayoutTests/dom/html/level2/html/button01.html": [
10
],
"project:external_webkit-jb-mr1/LayoutTests/dom/html/level2/html/button02.html": [
10
],
"project:external_webkit-jb-mr1/LayoutTests/dom/html/level2/html/button03.html": [
10
],
"project:external_webkit-jb-mr1/LayoutTests/dom/html/level2/html/button04.html": [
10
],
"project:external_webkit-jb-mr1/LayoutTests/dom/html/level2/html/button05.html": [
10
],
"project:external_webkit-jb-mr1/LayoutTests/dom/html/level2/html/button06.html": [
10
],
"project:external_webkit-jb-mr1/LayoutTests/dom/html/level2/html/button07.html": [
10
],
"project:external_webkit-jb-mr1/LayoutTests/dom/html/level2/html/button08.html": [
10
],
"project:external_webkit-jb-mr1/LayoutTests/dom/html/level2/html/button09.html": [
10
],
"project:external_webkit-jb-mr1/LayoutTests/dom/html/level2/html/doc01.html": [
9
],
"project:external_webkit-jb-mr1/LayoutTests/dom/xhtml/level2/html/HTMLAnchorElement01.xhtml": [
11
],
"project:external_webkit-jb-mr1/LayoutTests/dom/xhtml/level2/html/HTMLAnchorElement02.xhtml": [
11
],
"project:external_webkit-jb-mr1/LayoutTests/dom/xhtml/level2/html/HTMLAnchorElement03.xhtml": [
11
],
"project:external_webkit-jb-mr1/LayoutTests/dom/xhtml/level2/html/HTMLAnchorElement04.xhtml": [
11
],
"project:external_webkit-jb-mr1/LayoutTests/dom/xhtml/level2/html/HTMLAnchorElement05.xhtml": [
11
],
"project:external_webkit-jb-mr1/LayoutTests/dom/xhtml/level2/html/HTMLAnchorElement06.xhtml": [
11
],
"project:external_webkit-jb-mr1/LayoutTests/dom/xhtml/level2/html/HTMLAnchorElement07.xhtml": [
11
],
"project:external_webkit-jb-mr1/LayoutTests/dom/xhtml/level2/html/HTMLAnchorElement08.xhtml": [
11
],
"project:external_webkit-jb-mr1/LayoutTests/dom/xhtml/level2/html/HTMLAnchorElement09.xhtml": [
11
],
"project:external_webkit-jb-mr1/LayoutTests/dom/xhtml/level2/html/HTMLAnchorElement10.xhtml": [
11
],
"project:external_webkit-jb-mr1/LayoutTests/dom/xhtml/level2/html/HTMLAnchorElement12.xhtml": [
11
],
"project:external_webkit-jb-mr1/LayoutTests/dom/xhtml/level2/html/HTMLAnchorElement13.xhtml": [
11
],
"project:external_webkit-jb-mr1/LayoutTests/dom/xhtml/level2/html/HTMLAnchorElement14.xhtml": [
11
],
"project:external_webkit-jb-mr1/LayoutTests/dom/xhtml/level2/html/HTMLAreaElement01.xhtml": [
12
],
"project:external_webkit-jb-mr1/LayoutTests/dom/xhtml/level2/html/HTMLAreaElement02.xhtml": [
12
],
"project:external_webkit-jb-mr1/LayoutTests/dom/xhtml/level2/html/HTMLAreaElement03.xhtml": [
12
],
"project:external_webkit-jb-mr1/LayoutTests/dom/xhtml/level2/html/HTMLAreaElement04.xhtml": [
12
],
"project:external_webkit-jb-mr1/LayoutTests/dom/xhtml/level2/html/HTMLAreaElement05.xhtml": [
12
],
"project:external_webkit-jb-mr1/LayoutTests/dom/xhtml/level2/html/HTMLAreaElement06.xhtml": [
12
],
"project:external_webkit-jb-mr1/LayoutTests/dom/xhtml/level2/html/HTMLAreaElement07.xhtml": [
12
],
"project:external_webkit-jb-mr1/LayoutTests/dom/xhtml/level2/html/HTMLBodyElement07.xhtml": [
19,
20,
35
],
"project:external_webkit-jb-mr1/LayoutTests/dom/xhtml/level2/html/HTMLBodyElement08.xhtml": [
19,
20,
35
],
"project:external_webkit-jb-mr1/LayoutTests/dom/xhtml/level2/html/HTMLBodyElement09.xhtml": [
19,
20,
35
],
"project:external_webkit-jb-mr1/LayoutTests/dom/xhtml/level2/html/HTMLBodyElement10.xhtml": [
19,
20,
35
],
"project:external_webkit-jb-mr1/LayoutTests/dom/xhtml/level2/html/HTMLBodyElement11.xhtml": [
19,
20,
35
],
"project:external_webkit-jb-mr1/LayoutTests/dom/xhtml/level2/html/HTMLBodyElement12.xhtml": [
19,
20,
35
],
"project:external_webkit-jb-mr1/LayoutTests/dom/xhtml/level2/html/HTMLButtonElement01.xhtml": [
12
],
"project:external_webkit-jb-mr1/LayoutTests/dom/xhtml/level2/html/HTMLButtonElement02.xhtml": [
12
],
"project:external_webkit-jb-mr1/LayoutTests/dom/xhtml/level2/html/HTMLButtonElement03.xhtml": [
12
],
"project:external_webkit-jb-mr1/LayoutTests/dom/xhtml/level2/html/HTMLButtonElement04.xhtml": [
12
],
"project:external_webkit-jb-mr1/LayoutTests/dom/xhtml/level2/html/HTMLButtonElement05.xhtml": [
12
],
"project:external_webkit-jb-mr1/LayoutTests/dom/xhtml/level2/html/HTMLButtonElement06.xhtml": [
12
],
"project:external_webkit-jb-mr1/LayoutTests/dom/xhtml/level2/html/HTMLButtonElement07.xhtml": [
12
],
"project:external_webkit-jb-mr1/LayoutTests/dom/xhtml/level2/html/HTMLButtonElement08.xhtml": [
12
],
"project:external_webkit-jb-mr1/LayoutTests/dom/xhtml/level2/html/HTMLDocument01.xhtml": [
19,
20,
35
],
"project:external_webkit-jb-mr1/LayoutTests/dom/xhtml/level2/html/HTMLDocument02.xhtml": [
19,
20,
35
],
"project:external_webkit-jb-mr1/LayoutTests/dom/xhtml/level2/html/HTMLDocument03.xhtml": [
19,
20,
35
],
"project:external_webkit-jb-mr1/LayoutTests/dom/xhtml/level2/html/HTMLDocument04.xhtml": [
19,
20,
35
],
"project:external_webkit-jb-mr1/LayoutTests/dom/xhtml/level2/html/HTMLDocument05.xhtml": [
19,
20,
35
],
"project:external_webkit-jb-mr1/LayoutTests/dom/xhtml/level2/html/HTMLDocument07.xhtml": [
19,
20,
35
],
"project:external_webkit-jb-mr1/LayoutTests/dom/xhtml/level2/html/HTMLDocument08.xhtml": [
19,
20,
35
],
"project:external_webkit-jb-mr1/LayoutTests/dom/xhtml/level2/html/HTMLDocument09.xhtml": [
19,
20,
35
],
"project:external_webkit-jb-mr1/LayoutTests/dom/xhtml/level2/html/HTMLDocument10.xhtml": [
19,
20,
35
],
"project:external_webkit-jb-mr1/LayoutTests/dom/xhtml/level2/html/HTMLDocument11.xhtml": [
19,
20,
35
],
"project:external_webkit-jb-mr1/LayoutTests/dom/xhtml/level2/html/HTMLDocument12.xhtml": [
19,
20,
35
],
"project:external_webkit-jb-mr1/LayoutTests/dom/xhtml/level2/html/HTMLDocument13.xhtml": [
19,
20,
35
],
"project:external_webkit-jb-mr1/LayoutTests/dom/xhtml/level2/html/HTMLDocument14.xhtml": [
19,
20,
35
],
"project:external_webkit-jb-mr1/LayoutTests/dom/xhtml/level2/html/HTMLDocument15.xhtml": [
19,
20,
35
],
"project:external_webkit-jb-mr1/LayoutTests/dom/xhtml/level2/html/HTMLDocument16.xhtml": [
19,
20,
35
],
"project:external_webkit-jb-mr1/LayoutTests/dom/xhtml/level2/html/HTMLDocument17.xhtml": [
19,
20,
35
],
"project:external_webkit-jb-mr1/LayoutTests/dom/xhtml/level2/html/HTMLDocument18.xhtml": [
19,
20,
35
],
"project:external_webkit-jb-mr1/LayoutTests/dom/xhtml/level2/html/HTMLDocument19.xhtml": [
19,
20,
35
],
"project:external_webkit-jb-mr1/LayoutTests/dom/xhtml/level2/html/HTMLDocument20.xhtml": [
19,
20,
35
],
"project:external_webkit-jb-mr1/LayoutTests/dom/xhtml/level2/html/HTMLDocument21.xhtml": [
19,
20,
35
],
"project:external_webkit-jb-mr1/LayoutTests/dom/xhtml/level2/html/HTMLDocument22.xhtml": [
19,
20,
35
],
"project:external_webkit-jb-mr1/LayoutTests/dom/xhtml/level2/html/HTMLDocument23.xhtml": [
19,
20,
35
],
"project:external_webkit-jb-mr1/LayoutTests/dom/xhtml/level2/html/HTMLDocument24.xhtml": [
19,
20,
35
],
"project:external_webkit-jb-mr1/LayoutTests/dom/xhtml/level2/html/HTMLDocument25.xhtml": [
19,
20,
35
],
"project:external_webkit-jb-mr1/LayoutTests/dom/xhtml/level2/html/HTMLDocument26.xhtml": [
19,
20,
35
],
"project:external_webkit-jb-mr1/LayoutTests/dom/xhtml/level2/html/HTMLDocument27.xhtml": [
19,
20,
35
],
"project:external_webkit-jb-mr1/LayoutTests/dom/xhtml/level2/html/HTMLInputElement01.xhtml": [
17,
25
],
"project:external_webkit-jb-mr1/LayoutTests/dom/xhtml/level2/html/HTMLInputElement02.xhtml": [
17,
25
],
"project:external_webkit-jb-mr1/LayoutTests/dom/xhtml/level2/html/HTMLInputElement03.xhtml": [
17,
25
],
"project:external_webkit-jb-mr1/LayoutTests/dom/xhtml/level2/html/HTMLInputElement04.xhtml": [
17,
25
],
"project:external_webkit-jb-mr1/LayoutTests/dom/xhtml/level2/html/HTMLInputElement05.xhtml": [
17,
25
],
"project:external_webkit-jb-mr1/LayoutTests/dom/xhtml/level2/html/HTMLInputElement06.xhtml": [
17,
25
],
"project:external_webkit-jb-mr1/LayoutTests/dom/xhtml/level2/html/HTMLInputElement07.xhtml": [
17,
25
],
"project:external_webkit-jb-mr1/LayoutTests/dom/xhtml/level2/html/HTMLInputElement08.xhtml": [
17,
25
],
"project:external_webkit-jb-mr1/LayoutTests/dom/xhtml/level2/html/HTMLInputElement09.xhtml": [
17,
25
],
"project:external_webkit-jb-mr1/LayoutTests/dom/xhtml/level2/html/HTMLInputElement10.xhtml": [
17,
25
],
"project:external_webkit-jb-mr1/LayoutTests/dom/xhtml/level2/html/HTMLInputElement11.xhtml": [
17,
25
],
"project:external_webkit-jb-mr1/LayoutTests/dom/xhtml/level2/html/HTMLInputElement12.xhtml": [
17,
25
],
"project:external_webkit-jb-mr1/LayoutTests/dom/xhtml/level2/html/HTMLInputElement13.xhtml": [
17,
25
],
"project:external_webkit-jb-mr1/LayoutTests/dom/xhtml/level2/html/HTMLInputElement14.xhtml": [
17,
25
],
"project:external_webkit-jb-mr1/LayoutTests/dom/xhtml/level2/html/HTMLInputElement15.xhtml": [
17,
25
],
"project:external_webkit-jb-mr1/LayoutTests/dom/xhtml/level2/html/HTMLInputElement16.xhtml": [
17,
25
],
"project:external_webkit-jb-mr1/LayoutTests/dom/xhtml/level2/html/HTMLInputElement17.xhtml": [
17,
25
],
"project:external_webkit-jb-mr1/LayoutTests/dom/xhtml/level2/html/HTMLInputElement18.xhtml": [
17,
25
],
"project:external_webkit-jb-mr1/LayoutTests/dom/xhtml/level2/html/HTMLInputElement19.xhtml": [
17,
25
],
"project:external_webkit-jb-mr1/LayoutTests/dom/xhtml/level2/html/HTMLInputElement20.xhtml": [
17,
25
],
"project:external_webkit-jb-mr1/LayoutTests/dom/xhtml/level2/html/HTMLInputElement21.xhtml": [
17,
25
],
"project:external_webkit-jb-mr1/LayoutTests/dom/xhtml/level2/html/HTMLInputElement22.xhtml": [
17,
25
],
"project:external_webkit-jb-mr1/LayoutTests/dom/xhtml/level2/html/HTMLLabelElement01.xhtml": [
12,
17
],
"project:external_webkit-jb-mr1/LayoutTests/dom/xhtml/level2/html/HTMLLabelElement02.xhtml": [
12,
17
],
"project:external_webkit-jb-mr1/LayoutTests/dom/xhtml/level2/html/HTMLLabelElement03.xhtml": [
12,
17
],
"project:external_webkit-jb-mr1/LayoutTests/dom/xhtml/level2/html/HTMLLabelElement04.xhtml": [
12,
17
],
"project:external_webkit-jb-mr1/LayoutTests/dom/xhtml/level2/html/HTMLLegendElement01.xhtml": [
12,
17
],
"project:external_webkit-jb-mr1/LayoutTests/dom/xhtml/level2/html/HTMLLegendElement02.xhtml": [
12,
17
],
"project:external_webkit-jb-mr1/LayoutTests/dom/xhtml/level2/html/HTMLLegendElement03.xhtml": [
12,
17
],
"project:external_webkit-jb-mr1/LayoutTests/dom/xhtml/level2/html/HTMLLegendElement04.xhtml": [
12,
17
],
"project:external_webkit-jb-mr1/LayoutTests/dom/xhtml/level2/html/HTMLTextAreaElement01.xhtml": [
12
],
"project:external_webkit-jb-mr1/LayoutTests/dom/xhtml/level2/html/HTMLTextAreaElement02.xhtml": [
12
],
"project:external_webkit-jb-mr1/LayoutTests/dom/xhtml/level2/html/HTMLTextAreaElement03.xhtml": [
12
],
"project:external_webkit-jb-mr1/LayoutTests/dom/xhtml/level2/html/HTMLTextAreaElement04.xhtml": [
12
],
"project:external_webkit-jb-mr1/LayoutTests/dom/xhtml/level2/html/HTMLTextAreaElement05.xhtml": [
12
],
"project:external_webkit-jb-mr1/LayoutTests/dom/xhtml/level2/html/HTMLTextAreaElement06.xhtml": [
12
],
"project:external_webkit-jb-mr1/LayoutTests/dom/xhtml/level2/html/HTMLTextAreaElement07.xhtml": [
12
],
"project:external_webkit-jb-mr1/LayoutTests/dom/xhtml/level2/html/HTMLTextAreaElement08.xhtml": [
12
],
"project:external_webkit-jb-mr1/LayoutTests/dom/xhtml/level2/html/HTMLTextAreaElement09.xhtml": [
12
],
"project:external_webkit-jb-mr1/LayoutTests/dom/xhtml/level2/html/HTMLTextAreaElement10.xhtml": [
12
],
"project:external_webkit-jb-mr1/LayoutTests/dom/xhtml/level2/html/HTMLTextAreaElement11.xhtml": [
12
],
"project:external_webkit-jb-mr1/LayoutTests/dom/xhtml/level2/html/HTMLTextAreaElement12.xhtml": [
12
],
"project:external_webkit-jb-mr1/LayoutTests/dom/xhtml/level2/html/HTMLTextAreaElement13.xhtml": [
12
],
"project:external_webkit-jb-mr1/LayoutTests/dom/xhtml/level2/html/HTMLTextAreaElement14.xhtml": [
12
],
"project:external_webkit-jb-mr1/LayoutTests/dom/xhtml/level2/html/HTMLTextAreaElement15.xhtml": [
12
],
"project:external_webkit-jb-mr1/LayoutTests/dom/xhtml/level2/html/anchor01.xhtml": [
11
],
"project:external_webkit-jb-mr1/LayoutTests/dom/xhtml/level2/html/anchor02.xhtml": [
11
],
"project:external_webkit-jb-mr1/LayoutTests/dom/xhtml/level2/html/anchor03.xhtml": [
11
],
"project:external_webkit-jb-mr1/LayoutTests/dom/xhtml/level2/html/anchor04.xhtml": [
11
],
"project:external_webkit-jb-mr1/LayoutTests/dom/xhtml/level2/html/anchor05.xhtml": [
11
],
"project:external_webkit-jb-mr1/LayoutTests/dom/xhtml/level2/html/anchor06.xhtml": [
11
],
"project:external_webkit-jb-mr1/LayoutTests/dom/xhtml/level2/html/area01.xhtml": [
12
],
"project:external_webkit-jb-mr1/LayoutTests/dom/xhtml/level2/html/area02.xhtml": [
12
],
"project:external_webkit-jb-mr1/LayoutTests/dom/xhtml/level2/html/area03.xhtml": [
12
],
"project:external_webkit-jb-mr1/LayoutTests/dom/xhtml/level2/html/area04.xhtml": [
12
],
"project:external_webkit-jb-mr1/LayoutTests/dom/xhtml/level2/html/button01.xhtml": [
12
],
"project:external_webkit-jb-mr1/LayoutTests/dom/xhtml/level2/html/button02.xhtml": [
12
],
"project:external_webkit-jb-mr1/LayoutTests/dom/xhtml/level2/html/button03.xhtml": [
12
],
"project:external_webkit-jb-mr1/LayoutTests/dom/xhtml/level2/html/button04.xhtml": [
12
],
"project:external_webkit-jb-mr1/LayoutTests/dom/xhtml/level2/html/button05.xhtml": [
12
],
"project:external_webkit-jb-mr1/LayoutTests/dom/xhtml/level2/html/button06.xhtml": [
12
],
"project:external_webkit-jb-mr1/LayoutTests/dom/xhtml/level2/html/button07.xhtml": [
12
],
"project:external_webkit-jb-mr1/LayoutTests/dom/xhtml/level2/html/button08.xhtml": [
12
],
"project:external_webkit-jb-mr1/LayoutTests/dom/xhtml/level2/html/button09.xhtml": [
12
],
"project:external_webkit-jb-mr1/LayoutTests/dom/xhtml/level2/html/doc01.xhtml": [
11
],
"project:external_webkit-jb-mr1/Tools/CSSTestSuiteHarness/harness/harness.html": [
175,
176,
188,
191,
192,
193
],
"project:phpMyAdmin-4.0.4-english/doc/html/config.html": [
38,
41,
44
],
"project:phpMyAdmin-4.0.4-english/doc/html/copyright.html": [
38,
41,
44
],
"project:phpMyAdmin-4.0.4-english/doc/html/credits.html": [
38,
41,
44
],
"project:phpMyAdmin-4.0.4-english/doc/html/developers.html": [
38,
41,
44
],
"project:phpMyAdmin-4.0.4-english/doc/html/faq.html": [
38,
41,
44
],
"project:phpMyAdmin-4.0.4-english/doc/html/genindex.html": [
38
],
"project:phpMyAdmin-4.0.4-english/doc/html/glossary.html": [
37,
40
],
"project:phpMyAdmin-4.0.4-english/doc/html/index.html": [
37,
40
],
"project:phpMyAdmin-4.0.4-english/doc/html/intro.html": [
38,
41,
44
],
"project:phpMyAdmin-4.0.4-english/doc/html/other.html": [
39,
42,
45,
48
],
"project:phpMyAdmin-4.0.4-english/doc/html/privileges.html": [
39,
42,
45,
48
],
"project:phpMyAdmin-4.0.4-english/doc/html/require.html": [
38,
41,
44
],
"project:phpMyAdmin-4.0.4-english/doc/html/search.html": [
42
],
"project:phpMyAdmin-4.0.4-english/doc/html/setup.html": [
38,
41,
44
],
"project:phpMyAdmin-4.0.4-english/doc/html/transformations.html": [
39,
42,
45,
48
],
"project:phpMyAdmin-4.0.4-english/doc/html/user.html": [
38,
41,
44
],
"project:phpMyAdmin-4.0.4-english/doc/html/vendors.html": [
38,
41,
44
]
}
