{
"project:Silverpeas-Core-master/lib-core/src/test/resources/com/silverpeas/wysiwyg/dynamicvalue/test-without_keys.html": [
9,
16,
30
],
"project:Silverpeas-Core-master/lib-core/src/test/resources/com/silverpeas/wysiwyg/dynamicvalue/test.html": [
9,
16,
30
],
"project:Silverpeas-Core-master/src/site/resources/legal/agpl-3.0-standalone.html": [
17,
68,
70,
110,
152,
177,
193,
206,
247,
349,
417,
445,
456,
481,
550,
562,
583,
609,
620,
632,
643
],
"project:Silverpeas-Core-master/war-core/src/main/webapp/admin/jsp/TopBarSilverpeasV5.jsp": [
156
],
"project:Silverpeas-Core-master/war-core/src/main/webapp/attachment/jsp/displayAttachedFiles.jsp": [
286
],
"project:Silverpeas-Core-master/war-core/src/main/webapp/form/jsp/editor.jsp": [
378
],
"project:external_webkit-jb-mr1/LayoutTests/fast/dom/DOMImplementation/detached-doctype.html": [
1
],
"project:external_webkit-jb-mr1/LayoutTests/fast/encoding/high-bit-latin1.html": [
9
],
"project:external_webkit-jb-mr1/LayoutTests/fast/encoding/url-host-name-non-ascii.html": [
5
],
"project:external_webkit-jb-mr1/LayoutTests/http/tests/ssl/referer-301.html": [
2
],
"project:external_webkit-jb-mr1/LayoutTests/http/tests/ssl/referer-303.html": [
2
],
"project:external_webkit-jb-mr1/PerformanceTests/Parser/resources/html5.html": [
195,
195,
198,
200,
208,
213,
237,
1252,
1253,
1254,
1255,
1259,
1260,
1262,
1263,
1264,
83770,
83775,
83780,
83794,
83801,
83805,
83810,
83815,
83841,
83845,
83850,
83859,
83864,
83868,
83872,
83876,
83897,
83924,
83963,
84004,
84018,
84040,
84064,
84220,
84240,
84254,
84259,
84278,
84283,
84292,
84304,
84308,
84312,
84321,
84325,
84359,
84363,
84368,
84372,
84900
],
"project:external_webkit-jb-mr1/PerformanceTests/XSSFilter/resources/target-for-large-post-many-inline-scripts-and-events.html": [
7,
11,
15,
19,
23,
27,
31,
35,
39,
43,
47,
51,
55,
59,
63,
67,
71,
75,
79,
83,
87,
91,
95,
99,
103,
107,
111,
115,
119,
123,
127,
131,
135,
139,
143,
147,
151,
155,
159,
163,
167,
171,
175,
179,
183,
187,
191,
195,
199,
203,
207,
211,
215,
219,
223,
227,
231,
235,
239,
243,
247,
251,
255,
259,
263,
267,
271,
275,
279,
283,
287,
291,
295,
299,
303,
307,
311,
315,
319,
323,
327,
331,
335,
339,
343,
347,
351,
355,
359,
363,
367,
371,
375,
379,
383,
387,
391,
395,
399,
403,
407,
411,
415,
419,
423,
427,
431,
435,
439,
443,
447,
451,
455,
459,
463,
467,
471,
475,
479,
483,
487,
491,
495,
499,
503,
507,
511,
515,
519,
523,
527,
531,
535,
539,
543,
547,
551,
555,
559,
563,
567,
571,
575,
579,
583,
587,
591,
595,
599,
603,
607,
611,
615,
619,
623,
627,
631,
635,
639,
643,
647,
651,
655,
659,
663,
667,
671,
675,
679,
683,
687,
691,
695,
699,
703,
707,
711,
715,
719,
723,
727,
731,
735,
739,
743,
747,
751,
755,
759,
763,
767,
771,
775,
779,
783,
787,
791,
795,
799,
803,
807,
811,
815,
819,
823,
827,
831,
835,
839,
843,
847,
851,
855,
859,
863,
867,
871,
875,
879,
883,
887,
891,
895,
899,
903,
907,
911,
915,
919,
923,
927,
931,
935,
939,
943,
947,
951,
955,
959,
963,
967,
971,
975,
979,
983,
987,
991,
995,
999,
1003,
1007,
1011,
1015,
1019,
1023,
1027,
1031,
1035,
1039,
1043,
1047,
1051,
1055,
1059,
1063,
1067,
1071,
1075,
1079,
1083,
1087,
1091,
1095,
1099,
1103,
1107,
1111,
1115,
1119,
1123,
1127,
1131,
1135,
1139,
1143,
1147,
1151,
1155,
1159,
1163,
1167,
1171,
1175,
1179,
1183,
1187,
1191,
1195,
1199,
1203,
1207,
1211,
1215,
1219,
1223,
1227,
1231,
1235,
1239,
1243,
1247,
1251,
1255,
1259,
1263,
1267,
1271,
1275,
1279,
1283
],
"project:external_webkit-jb-mr1/Source/JavaScriptCore/tests/mozilla/README-jsDriver.html": [
147
],
"project:external_webkit-jb-mr1/Source/JavaScriptCore/tests/mozilla/expected.html": [
5,
17,
19,
26,
32,
40,
48,
54,
62,
69,
76,
84,
91,
101,
115,
122,
129,
139,
149,
155,
161,
168,
175,
183,
192,
198,
206,
215,
222,
231,
237,
243,
249,
255,
263,
269,
275,
281,
287,
293,
299,
305,
313,
324,
330,
336,
342,
393,
399,
411,
422,
428,
434,
447
],
"project:external_webkit-jb-mr1/Source/JavaScriptCore/tests/mozilla/importList.html": [
63
],
"project:external_webkit-jb-mr1/Source/JavaScriptCore/tests/mozilla/menufoot.html": [
5
],
"project:external_webkit-jb-mr1/Source/JavaScriptCore/tests/mozilla/menuhead.html": [
132
],
"project:external_webkit-jb-mr1/Source/WebCore/manual-tests/empty-link-target.html": [
25
],
"project:external_webkit-jb-mr1/Source/WebCore/manual-tests/linkjump-2.html": [
28,
32
],
"project:external_webkit-jb-mr1/Source/WebCore/manual-tests/linkjump-3.html": [
50
],
"project:external_webkit-jb-mr1/Source/WebCore/manual-tests/linkjump-4.html": [
109
],
"project:sonar-master/sonar-server/src/main/webapp/WEB-INF/app/views/manual_measures/index.html.erb": [
44
],
"project:sonar-master/sonar-server/src/main/webapp/WEB-INF/app/views/profiles/compare.html.erb": [
46,
73,
97
],
"project:sonar-master/sonar-server/src/main/webapp/WEB-INF/app/views/rules_configuration/_rule.html.erb": [
48
],
"project:sonar-master/sonar-server/src/main/webapp/WEB-INF/app/views/shared/_source_issue_form.html.erb": [
1
],
"project:voten/resources/assets/js/components/auth/LeftSidebar.vue": [
12,
27,
78,
92,
106,
120,
134,
151,
164,
177
],
"project:voten/resources/views/backend/server-controls.blade.php": [
150
]
}
