{
"project:external_webkit-jb-mr1/LayoutTests/dom/html/level2/html/HTMLAnchorElement01.html": [
9
],
"project:external_webkit-jb-mr1/LayoutTests/dom/html/level2/html/HTMLAnchorElement02.html": [
9
],
"project:external_webkit-jb-mr1/LayoutTests/dom/html/level2/html/HTMLAnchorElement03.html": [
9
],
"project:external_webkit-jb-mr1/LayoutTests/dom/html/level2/html/HTMLAnchorElement04.html": [
9
],
"project:external_webkit-jb-mr1/LayoutTests/dom/html/level2/html/HTMLAnchorElement05.html": [
9
],
"project:external_webkit-jb-mr1/LayoutTests/dom/html/level2/html/HTMLAnchorElement06.html": [
9
],
"project:external_webkit-jb-mr1/LayoutTests/dom/html/level2/html/HTMLAnchorElement07.html": [
9
],
"project:external_webkit-jb-mr1/LayoutTests/dom/html/level2/html/HTMLAnchorElement08.html": [
9
],
"project:external_webkit-jb-mr1/LayoutTests/dom/html/level2/html/HTMLAnchorElement09.html": [
9
],
"project:external_webkit-jb-mr1/LayoutTests/dom/html/level2/html/HTMLAnchorElement10.html": [
9
],
"project:external_webkit-jb-mr1/LayoutTests/dom/html/level2/html/HTMLAnchorElement12.html": [
9
],
"project:external_webkit-jb-mr1/LayoutTests/dom/html/level2/html/HTMLAnchorElement13.html": [
9
],
"project:external_webkit-jb-mr1/LayoutTests/dom/html/level2/html/HTMLAnchorElement14.html": [
9
],
"project:external_webkit-jb-mr1/LayoutTests/dom/html/level2/html/HTMLAreaElement01.html": [
10
],
"project:external_webkit-jb-mr1/LayoutTests/dom/html/level2/html/HTMLAreaElement02.html": [
10
],
"project:external_webkit-jb-mr1/LayoutTests/dom/html/level2/html/HTMLAreaElement03.html": [
10
],
"project:external_webkit-jb-mr1/LayoutTests/dom/html/level2/html/HTMLAreaElement04.html": [
10
],
"project:external_webkit-jb-mr1/LayoutTests/dom/html/level2/html/HTMLAreaElement05.html": [
10
],
"project:external_webkit-jb-mr1/LayoutTests/dom/html/level2/html/HTMLAreaElement06.html": [
10
],
"project:external_webkit-jb-mr1/LayoutTests/dom/html/level2/html/HTMLAreaElement07.html": [
10
],
"project:external_webkit-jb-mr1/LayoutTests/dom/html/level2/html/HTMLBodyElement07.html": [
17,
18,
33
],
"project:external_webkit-jb-mr1/LayoutTests/dom/html/level2/html/HTMLBodyElement08.html": [
17,
18,
33
],
"project:external_webkit-jb-mr1/LayoutTests/dom/html/level2/html/HTMLBodyElement09.html": [
17,
18,
33
],
"project:external_webkit-jb-mr1/LayoutTests/dom/html/level2/html/HTMLBodyElement10.html": [
17,
18,
33
],
"project:external_webkit-jb-mr1/LayoutTests/dom/html/level2/html/HTMLBodyElement11.html": [
17,
18,
33
],
"project:external_webkit-jb-mr1/LayoutTests/dom/html/level2/html/HTMLBodyElement12.html": [
17,
18,
33
],
"project:external_webkit-jb-mr1/LayoutTests/dom/html/level2/html/HTMLButtonElement01.html": [
10
],
"project:external_webkit-jb-mr1/LayoutTests/dom/html/level2/html/HTMLButtonElement02.html": [
10
],
"project:external_webkit-jb-mr1/LayoutTests/dom/html/level2/html/HTMLButtonElement03.html": [
10
],
"project:external_webkit-jb-mr1/LayoutTests/dom/html/level2/html/HTMLButtonElement04.html": [
10
],
"project:external_webkit-jb-mr1/LayoutTests/dom/html/level2/html/HTMLButtonElement05.html": [
10
],
"project:external_webkit-jb-mr1/LayoutTests/dom/html/level2/html/HTMLButtonElement06.html": [
10
],
"project:external_webkit-jb-mr1/LayoutTests/dom/html/level2/html/HTMLButtonElement07.html": [
10
],
"project:external_webkit-jb-mr1/LayoutTests/dom/html/level2/html/HTMLButtonElement08.html": [
10
],
"project:external_webkit-jb-mr1/LayoutTests/dom/html/level2/html/HTMLCollection01.html": [
51,
70
],
"project:external_webkit-jb-mr1/LayoutTests/dom/html/level2/html/HTMLCollection02.html": [
51,
70
],
"project:external_webkit-jb-mr1/LayoutTests/dom/html/level2/html/HTMLCollection03.html": [
51,
70
],
"project:external_webkit-jb-mr1/LayoutTests/dom/html/level2/html/HTMLCollection04.html": [
51,
70
],
"project:external_webkit-jb-mr1/LayoutTests/dom/html/level2/html/HTMLCollection05.html": [
51,
70
],
"project:external_webkit-jb-mr1/LayoutTests/dom/html/level2/html/HTMLCollection06.html": [
51,
70
],
"project:external_webkit-jb-mr1/LayoutTests/dom/html/level2/html/HTMLCollection07.html": [
51,
70
],
"project:external_webkit-jb-mr1/LayoutTests/dom/html/level2/html/HTMLCollection08.html": [
51,
70
],
"project:external_webkit-jb-mr1/LayoutTests/dom/html/level2/html/HTMLCollection09.html": [
51,
70
],
"project:external_webkit-jb-mr1/LayoutTests/dom/html/level2/html/HTMLCollection10.html": [
51,
70
],
"project:external_webkit-jb-mr1/LayoutTests/dom/html/level2/html/HTMLCollection11.html": [
51,
70
],
"project:external_webkit-jb-mr1/LayoutTests/dom/html/level2/html/HTMLCollection12.html": [
51,
70
],
"project:external_webkit-jb-mr1/LayoutTests/dom/html/level2/html/HTMLDocument01.html": [
17,
18,
33
],
"project:external_webkit-jb-mr1/LayoutTests/dom/html/level2/html/HTMLDocument02.html": [
17,
18,
33
],
"project:external_webkit-jb-mr1/LayoutTests/dom/html/level2/html/HTMLDocument03.html": [
17,
18,
33
],
"project:external_webkit-jb-mr1/LayoutTests/dom/html/level2/html/HTMLDocument04.html": [
17,
18,
33
],
"project:external_webkit-jb-mr1/LayoutTests/dom/html/level2/html/HTMLDocument05.html": [
17,
18,
33
],
"project:external_webkit-jb-mr1/LayoutTests/dom/html/level2/html/HTMLDocument07.html": [
17,
18,
33
],
"project:external_webkit-jb-mr1/LayoutTests/dom/html/level2/html/HTMLDocument08.html": [
17,
18,
33
],
"project:external_webkit-jb-mr1/LayoutTests/dom/html/level2/html/HTMLDocument09.html": [
17,
18,
33
],
"project:external_webkit-jb-mr1/LayoutTests/dom/html/level2/html/HTMLDocument10.html": [
17,
18,
33
],
"project:external_webkit-jb-mr1/LayoutTests/dom/html/level2/html/HTMLDocument11.html": [
17,
18,
33
],
"project:external_webkit-jb-mr1/LayoutTests/dom/html/level2/html/HTMLDocument12.html": [
17,
18,
33
],
"project:external_webkit-jb-mr1/LayoutTests/dom/html/level2/html/HTMLDocument13.html": [
17,
18,
33
],
"project:external_webkit-jb-mr1/LayoutTests/dom/html/level2/html/HTMLDocument14.html": [
17,
18,
33
],
"project:external_webkit-jb-mr1/LayoutTests/dom/html/level2/html/HTMLDocument15.html": [
17,
18,
33
],
"project:external_webkit-jb-mr1/LayoutTests/dom/html/level2/html/HTMLDocument16.html": [
17,
18,
33
],
"project:external_webkit-jb-mr1/LayoutTests/dom/html/level2/html/HTMLDocument17.html": [
17,
18,
33
],
"project:external_webkit-jb-mr1/LayoutTests/dom/html/level2/html/HTMLDocument18.html": [
17,
18,
33
],
"project:external_webkit-jb-mr1/LayoutTests/dom/html/level2/html/HTMLDocument19.html": [
17,
18,
33
],
"project:external_webkit-jb-mr1/LayoutTests/dom/html/level2/html/HTMLDocument20.html": [
17,
18,
33
],
"project:external_webkit-jb-mr1/LayoutTests/dom/html/level2/html/HTMLDocument21.html": [
17,
18,
33
],
"project:external_webkit-jb-mr1/LayoutTests/dom/html/level2/html/HTMLDocument22.html": [
17,
18,
33
],
"project:external_webkit-jb-mr1/LayoutTests/dom/html/level2/html/HTMLDocument23.html": [
17,
18,
33
],
"project:external_webkit-jb-mr1/LayoutTests/dom/html/level2/html/HTMLDocument24.html": [
17,
18,
33
],
"project:external_webkit-jb-mr1/LayoutTests/dom/html/level2/html/HTMLDocument25.html": [
17,
18,
33
],
"project:external_webkit-jb-mr1/LayoutTests/dom/html/level2/html/HTMLDocument26.html": [
17,
18,
33
],
"project:external_webkit-jb-mr1/LayoutTests/dom/html/level2/html/HTMLDocument27.html": [
17,
18,
33
],
"project:external_webkit-jb-mr1/LayoutTests/dom/html/level2/html/HTMLInputElement01.html": [
18,
28,
34,
36,
38,
40,
46,
51
],
"project:external_webkit-jb-mr1/LayoutTests/dom/html/level2/html/HTMLInputElement02.html": [
18,
28,
34,
36,
38,
40,
46,
51
],
"project:external_webkit-jb-mr1/LayoutTests/dom/html/level2/html/HTMLInputElement03.html": [
18,
28,
34,
36,
38,
40,
46,
51
],
"project:external_webkit-jb-mr1/LayoutTests/dom/html/level2/html/HTMLInputElement04.html": [
18,
28,
34,
36,
38,
40,
46,
51
],
"project:external_webkit-jb-mr1/LayoutTests/dom/html/level2/html/HTMLInputElement05.html": [
18,
28,
34,
36,
38,
40,
46,
51
],
"project:external_webkit-jb-mr1/LayoutTests/dom/html/level2/html/HTMLInputElement06.html": [
18,
28,
34,
36,
38,
40,
46,
51
],
"project:external_webkit-jb-mr1/LayoutTests/dom/html/level2/html/HTMLInputElement07.html": [
18,
28,
34,
36,
38,
40,
46,
51
],
"project:external_webkit-jb-mr1/LayoutTests/dom/html/level2/html/HTMLInputElement08.html": [
18,
28,
34,
36,
38,
40,
46,
51
],
"project:external_webkit-jb-mr1/LayoutTests/dom/html/level2/html/HTMLInputElement09.html": [
18,
28,
34,
36,
38,
40,
46,
51
],
"project:external_webkit-jb-mr1/LayoutTests/dom/html/level2/html/HTMLInputElement10.html": [
18,
28,
34,
36,
38,
40,
46,
51
],
"project:external_webkit-jb-mr1/LayoutTests/dom/html/level2/html/HTMLInputElement11.html": [
18,
28,
34,
36,
38,
40,
46,
51
],
"project:external_webkit-jb-mr1/LayoutTests/dom/html/level2/html/HTMLInputElement12.html": [
18,
28,
34,
36,
38,
40,
46,
51
],
"project:external_webkit-jb-mr1/LayoutTests/dom/html/level2/html/HTMLInputElement13.html": [
18,
28,
34,
36,
38,
40,
46,
51
],
"project:external_webkit-jb-mr1/LayoutTests/dom/html/level2/html/HTMLInputElement14.html": [
18,
28,
34,
36,
38,
40,
46,
51
],
"project:external_webkit-jb-mr1/LayoutTests/dom/html/level2/html/HTMLInputElement15.html": [
18,
28,
34,
36,
38,
40,
46,
51
],
"project:external_webkit-jb-mr1/LayoutTests/dom/html/level2/html/HTMLInputElement16.html": [
18,
28,
34,
36,
38,
40,
46,
51
],
"project:external_webkit-jb-mr1/LayoutTests/dom/html/level2/html/HTMLInputElement17.html": [
18,
28,
34,
36,
38,
40,
46,
51
],
"project:external_webkit-jb-mr1/LayoutTests/dom/html/level2/html/HTMLInputElement18.html": [
18,
28,
34,
36,
38,
40,
46,
51
],
"project:external_webkit-jb-mr1/LayoutTests/dom/html/level2/html/HTMLInputElement19.html": [
18,
28,
34,
36,
38,
40,
46,
51
],
"project:external_webkit-jb-mr1/LayoutTests/dom/html/level2/html/HTMLInputElement20.html": [
18,
28,
34,
36,
38,
40,
46,
51
],
"project:external_webkit-jb-mr1/LayoutTests/dom/html/level2/html/HTMLInputElement21.html": [
18,
28,
34,
36,
38,
40,
46,
51
],
"project:external_webkit-jb-mr1/LayoutTests/dom/html/level2/html/HTMLInputElement22.html": [
18,
28,
34,
36,
38,
40,
46,
51
],
"project:external_webkit-jb-mr1/LayoutTests/dom/html/level2/html/HTMLOptionElement01.html": [
10
],
"project:external_webkit-jb-mr1/LayoutTests/dom/html/level2/html/HTMLOptionElement02.html": [
10
],
"project:external_webkit-jb-mr1/LayoutTests/dom/html/level2/html/HTMLOptionElement03.html": [
10
],
"project:external_webkit-jb-mr1/LayoutTests/dom/html/level2/html/HTMLOptionElement04.html": [
10
],
"project:external_webkit-jb-mr1/LayoutTests/dom/html/level2/html/HTMLOptionElement05.html": [
10
],
"project:external_webkit-jb-mr1/LayoutTests/dom/html/level2/html/HTMLOptionElement06.html": [
10
],
"project:external_webkit-jb-mr1/LayoutTests/dom/html/level2/html/HTMLOptionElement07.html": [
10
],
"project:external_webkit-jb-mr1/LayoutTests/dom/html/level2/html/HTMLOptionElement08.html": [
10
],
"project:external_webkit-jb-mr1/LayoutTests/dom/html/level2/html/HTMLOptionElement09.html": [
10
],
"project:external_webkit-jb-mr1/LayoutTests/dom/html/level2/html/HTMLOptionsCollection01.html": [
10
],
"project:external_webkit-jb-mr1/LayoutTests/dom/html/level2/html/HTMLOptionsCollection02.html": [
10
],
"project:external_webkit-jb-mr1/LayoutTests/dom/html/level2/html/HTMLOptionsCollection03.html": [
10
],
"project:external_webkit-jb-mr1/LayoutTests/dom/html/level2/html/HTMLOptionsCollection04.html": [
10
],
"project:external_webkit-jb-mr1/LayoutTests/dom/html/level2/html/HTMLOptionsCollection05.html": [
10
],
"project:external_webkit-jb-mr1/LayoutTests/dom/html/level2/html/HTMLOptionsCollection06.html": [
10
],
"project:external_webkit-jb-mr1/LayoutTests/dom/html/level2/html/HTMLOptionsCollection07.html": [
10
],
"project:external_webkit-jb-mr1/LayoutTests/dom/html/level2/html/HTMLSelectElement01.html": [
10,
29
],
"project:external_webkit-jb-mr1/LayoutTests/dom/html/level2/html/HTMLSelectElement02.html": [
10,
29
],
"project:external_webkit-jb-mr1/LayoutTests/dom/html/level2/html/HTMLSelectElement03.html": [
10,
29
],
"project:external_webkit-jb-mr1/LayoutTests/dom/html/level2/html/HTMLSelectElement04.html": [
10,
29
],
"project:external_webkit-jb-mr1/LayoutTests/dom/html/level2/html/HTMLSelectElement05.html": [
10,
29
],
"project:external_webkit-jb-mr1/LayoutTests/dom/html/level2/html/HTMLSelectElement06.html": [
10,
29
],
"project:external_webkit-jb-mr1/LayoutTests/dom/html/level2/html/HTMLSelectElement07.html": [
10,
29
],
"project:external_webkit-jb-mr1/LayoutTests/dom/html/level2/html/HTMLSelectElement08.html": [
10,
29
],
"project:external_webkit-jb-mr1/LayoutTests/dom/html/level2/html/HTMLSelectElement09.html": [
10,
29
],
"project:external_webkit-jb-mr1/LayoutTests/dom/html/level2/html/HTMLSelectElement10.html": [
10,
29
],
"project:external_webkit-jb-mr1/LayoutTests/dom/html/level2/html/HTMLSelectElement11.html": [
10,
29
],
"project:external_webkit-jb-mr1/LayoutTests/dom/html/level2/html/HTMLSelectElement12.html": [
10,
29
],
"project:external_webkit-jb-mr1/LayoutTests/dom/html/level2/html/HTMLSelectElement13.html": [
10,
29
],
"project:external_webkit-jb-mr1/LayoutTests/dom/html/level2/html/HTMLSelectElement14.html": [
10,
29
],
"project:external_webkit-jb-mr1/LayoutTests/dom/html/level2/html/HTMLSelectElement15.html": [
10,
29
],
"project:external_webkit-jb-mr1/LayoutTests/dom/html/level2/html/HTMLSelectElement16.html": [
10,
29
],
"project:external_webkit-jb-mr1/LayoutTests/dom/html/level2/html/HTMLSelectElement17.html": [
10,
29
],
"project:external_webkit-jb-mr1/LayoutTests/dom/html/level2/html/HTMLSelectElement18.html": [
10,
29
],
"project:external_webkit-jb-mr1/LayoutTests/dom/html/level2/html/HTMLSelectElement19.html": [
10,
29
],
"project:external_webkit-jb-mr1/LayoutTests/dom/html/level2/html/HTMLSelectElement20.html": [
10,
29
],
"project:external_webkit-jb-mr1/LayoutTests/dom/html/level2/html/HTMLTextAreaElement01.html": [
10
],
"project:external_webkit-jb-mr1/LayoutTests/dom/html/level2/html/HTMLTextAreaElement02.html": [
10
],
"project:external_webkit-jb-mr1/LayoutTests/dom/html/level2/html/HTMLTextAreaElement03.html": [
10
],
"project:external_webkit-jb-mr1/LayoutTests/dom/html/level2/html/HTMLTextAreaElement04.html": [
10
],
"project:external_webkit-jb-mr1/LayoutTests/dom/html/level2/html/HTMLTextAreaElement05.html": [
10
],
"project:external_webkit-jb-mr1/LayoutTests/dom/html/level2/html/HTMLTextAreaElement06.html": [
10
],
"project:external_webkit-jb-mr1/LayoutTests/dom/html/level2/html/HTMLTextAreaElement07.html": [
10
],
"project:external_webkit-jb-mr1/LayoutTests/dom/html/level2/html/HTMLTextAreaElement08.html": [
10
],
"project:external_webkit-jb-mr1/LayoutTests/dom/html/level2/html/HTMLTextAreaElement09.html": [
10
],
"project:external_webkit-jb-mr1/LayoutTests/dom/html/level2/html/HTMLTextAreaElement10.html": [
10
],
"project:external_webkit-jb-mr1/LayoutTests/dom/html/level2/html/HTMLTextAreaElement11.html": [
10
],
"project:external_webkit-jb-mr1/LayoutTests/dom/html/level2/html/HTMLTextAreaElement12.html": [
10
],
"project:external_webkit-jb-mr1/LayoutTests/dom/html/level2/html/HTMLTextAreaElement13.html": [
10
],
"project:external_webkit-jb-mr1/LayoutTests/dom/html/level2/html/HTMLTextAreaElement14.html": [
10
],
"project:external_webkit-jb-mr1/LayoutTests/dom/html/level2/html/HTMLTextAreaElement15.html": [
10
],
"project:external_webkit-jb-mr1/LayoutTests/dom/html/level2/html/anchor01.html": [
9
],
"project:external_webkit-jb-mr1/LayoutTests/dom/html/level2/html/anchor02.html": [
9
],
"project:external_webkit-jb-mr1/LayoutTests/dom/html/level2/html/anchor03.html": [
9
],
"project:external_webkit-jb-mr1/LayoutTests/dom/html/level2/html/anchor04.html": [
9
],
"project:external_webkit-jb-mr1/LayoutTests/dom/html/level2/html/anchor05.html": [
9
],
"project:external_webkit-jb-mr1/LayoutTests/dom/html/level2/html/anchor06.html": [
9
],
"project:external_webkit-jb-mr1/LayoutTests/dom/html/level2/html/area01.html": [
10
],
"project:external_webkit-jb-mr1/LayoutTests/dom/html/level2/html/area02.html": [
10
],
"project:external_webkit-jb-mr1/LayoutTests/dom/html/level2/html/area03.html": [
10
],
"project:external_webkit-jb-mr1/LayoutTests/dom/html/level2/html/area04.html": [
10
],
"project:external_webkit-jb-mr1/LayoutTests/dom/html/level2/html/button01.html": [
10
],
"project:external_webkit-jb-mr1/LayoutTests/dom/html/level2/html/button02.html": [
10
],
"project:external_webkit-jb-mr1/LayoutTests/dom/html/level2/html/button03.html": [
10
],
"project:external_webkit-jb-mr1/LayoutTests/dom/html/level2/html/button04.html": [
10
],
"project:external_webkit-jb-mr1/LayoutTests/dom/html/level2/html/button05.html": [
10
],
"project:external_webkit-jb-mr1/LayoutTests/dom/html/level2/html/button06.html": [
10
],
"project:external_webkit-jb-mr1/LayoutTests/dom/html/level2/html/button07.html": [
10
],
"project:external_webkit-jb-mr1/LayoutTests/dom/html/level2/html/button08.html": [
10
],
"project:external_webkit-jb-mr1/LayoutTests/dom/html/level2/html/button09.html": [
10
],
"project:external_webkit-jb-mr1/LayoutTests/dom/html/level2/html/doc01.html": [
9
],
"project:external_webkit-jb-mr1/LayoutTests/dom/xhtml/level2/html/HTMLAnchorElement01.xhtml": [
11
],
"project:external_webkit-jb-mr1/LayoutTests/dom/xhtml/level2/html/HTMLAnchorElement02.xhtml": [
11
],
"project:external_webkit-jb-mr1/LayoutTests/dom/xhtml/level2/html/HTMLAnchorElement03.xhtml": [
11
],
"project:external_webkit-jb-mr1/LayoutTests/dom/xhtml/level2/html/HTMLAnchorElement04.xhtml": [
11
],
"project:external_webkit-jb-mr1/LayoutTests/dom/xhtml/level2/html/HTMLAnchorElement05.xhtml": [
11
],
"project:external_webkit-jb-mr1/LayoutTests/dom/xhtml/level2/html/HTMLAnchorElement06.xhtml": [
11
],
"project:external_webkit-jb-mr1/LayoutTests/dom/xhtml/level2/html/HTMLAnchorElement07.xhtml": [
11
],
"project:external_webkit-jb-mr1/LayoutTests/dom/xhtml/level2/html/HTMLAnchorElement08.xhtml": [
11
],
"project:external_webkit-jb-mr1/LayoutTests/dom/xhtml/level2/html/HTMLAnchorElement09.xhtml": [
11
],
"project:external_webkit-jb-mr1/LayoutTests/dom/xhtml/level2/html/HTMLAnchorElement10.xhtml": [
11
],
"project:external_webkit-jb-mr1/LayoutTests/dom/xhtml/level2/html/HTMLAnchorElement12.xhtml": [
11
],
"project:external_webkit-jb-mr1/LayoutTests/dom/xhtml/level2/html/HTMLAnchorElement13.xhtml": [
11
],
"project:external_webkit-jb-mr1/LayoutTests/dom/xhtml/level2/html/HTMLAnchorElement14.xhtml": [
11
],
"project:external_webkit-jb-mr1/LayoutTests/dom/xhtml/level2/html/HTMLAreaElement01.xhtml": [
12
],
"project:external_webkit-jb-mr1/LayoutTests/dom/xhtml/level2/html/HTMLAreaElement02.xhtml": [
12
],
"project:external_webkit-jb-mr1/LayoutTests/dom/xhtml/level2/html/HTMLAreaElement03.xhtml": [
12
],
"project:external_webkit-jb-mr1/LayoutTests/dom/xhtml/level2/html/HTMLAreaElement04.xhtml": [
12
],
"project:external_webkit-jb-mr1/LayoutTests/dom/xhtml/level2/html/HTMLAreaElement05.xhtml": [
12
],
"project:external_webkit-jb-mr1/LayoutTests/dom/xhtml/level2/html/HTMLAreaElement06.xhtml": [
12
],
"project:external_webkit-jb-mr1/LayoutTests/dom/xhtml/level2/html/HTMLAreaElement07.xhtml": [
12
],
"project:external_webkit-jb-mr1/LayoutTests/dom/xhtml/level2/html/HTMLBodyElement07.xhtml": [
19,
20,
35
],
"project:external_webkit-jb-mr1/LayoutTests/dom/xhtml/level2/html/HTMLBodyElement08.xhtml": [
19,
20,
35
],
"project:external_webkit-jb-mr1/LayoutTests/dom/xhtml/level2/html/HTMLBodyElement09.xhtml": [
19,
20,
35
],
"project:external_webkit-jb-mr1/LayoutTests/dom/xhtml/level2/html/HTMLBodyElement10.xhtml": [
19,
20,
35
],
"project:external_webkit-jb-mr1/LayoutTests/dom/xhtml/level2/html/HTMLBodyElement11.xhtml": [
19,
20,
35
],
"project:external_webkit-jb-mr1/LayoutTests/dom/xhtml/level2/html/HTMLBodyElement12.xhtml": [
19,
20,
35
],
"project:external_webkit-jb-mr1/LayoutTests/dom/xhtml/level2/html/HTMLButtonElement01.xhtml": [
12
],
"project:external_webkit-jb-mr1/LayoutTests/dom/xhtml/level2/html/HTMLButtonElement02.xhtml": [
12
],
"project:external_webkit-jb-mr1/LayoutTests/dom/xhtml/level2/html/HTMLButtonElement03.xhtml": [
12
],
"project:external_webkit-jb-mr1/LayoutTests/dom/xhtml/level2/html/HTMLButtonElement04.xhtml": [
12
],
"project:external_webkit-jb-mr1/LayoutTests/dom/xhtml/level2/html/HTMLButtonElement05.xhtml": [
12
],
"project:external_webkit-jb-mr1/LayoutTests/dom/xhtml/level2/html/HTMLButtonElement06.xhtml": [
12
],
"project:external_webkit-jb-mr1/LayoutTests/dom/xhtml/level2/html/HTMLButtonElement07.xhtml": [
12
],
"project:external_webkit-jb-mr1/LayoutTests/dom/xhtml/level2/html/HTMLButtonElement08.xhtml": [
12
],
"project:external_webkit-jb-mr1/LayoutTests/dom/xhtml/level2/html/HTMLCollection01.xhtml": [
53,
72
],
"project:external_webkit-jb-mr1/LayoutTests/dom/xhtml/level2/html/HTMLCollection02.xhtml": [
53,
72
],
"project:external_webkit-jb-mr1/LayoutTests/dom/xhtml/level2/html/HTMLCollection03.xhtml": [
53,
72
],
"project:external_webkit-jb-mr1/LayoutTests/dom/xhtml/level2/html/HTMLCollection04.xhtml": [
53,
72
],
"project:external_webkit-jb-mr1/LayoutTests/dom/xhtml/level2/html/HTMLCollection05.xhtml": [
53,
72
],
"project:external_webkit-jb-mr1/LayoutTests/dom/xhtml/level2/html/HTMLCollection06.xhtml": [
53,
72
],
"project:external_webkit-jb-mr1/LayoutTests/dom/xhtml/level2/html/HTMLCollection07.xhtml": [
53,
72
],
"project:external_webkit-jb-mr1/LayoutTests/dom/xhtml/level2/html/HTMLCollection08.xhtml": [
53,
72
],
"project:external_webkit-jb-mr1/LayoutTests/dom/xhtml/level2/html/HTMLCollection09.xhtml": [
53,
72
],
"project:external_webkit-jb-mr1/LayoutTests/dom/xhtml/level2/html/HTMLCollection10.xhtml": [
53,
72
],
"project:external_webkit-jb-mr1/LayoutTests/dom/xhtml/level2/html/HTMLCollection11.xhtml": [
53,
72
],
"project:external_webkit-jb-mr1/LayoutTests/dom/xhtml/level2/html/HTMLCollection12.xhtml": [
53,
72
],
"project:external_webkit-jb-mr1/LayoutTests/dom/xhtml/level2/html/HTMLDocument01.xhtml": [
19,
20,
35
],
"project:external_webkit-jb-mr1/LayoutTests/dom/xhtml/level2/html/HTMLDocument02.xhtml": [
19,
20,
35
],
"project:external_webkit-jb-mr1/LayoutTests/dom/xhtml/level2/html/HTMLDocument03.xhtml": [
19,
20,
35
],
"project:external_webkit-jb-mr1/LayoutTests/dom/xhtml/level2/html/HTMLDocument04.xhtml": [
19,
20,
35
],
"project:external_webkit-jb-mr1/LayoutTests/dom/xhtml/level2/html/HTMLDocument05.xhtml": [
19,
20,
35
],
"project:external_webkit-jb-mr1/LayoutTests/dom/xhtml/level2/html/HTMLDocument07.xhtml": [
19,
20,
35
],
"project:external_webkit-jb-mr1/LayoutTests/dom/xhtml/level2/html/HTMLDocument08.xhtml": [
19,
20,
35
],
"project:external_webkit-jb-mr1/LayoutTests/dom/xhtml/level2/html/HTMLDocument09.xhtml": [
19,
20,
35
],
"project:external_webkit-jb-mr1/LayoutTests/dom/xhtml/level2/html/HTMLDocument10.xhtml": [
19,
20,
35
],
"project:external_webkit-jb-mr1/LayoutTests/dom/xhtml/level2/html/HTMLDocument11.xhtml": [
19,
20,
35
],
"project:external_webkit-jb-mr1/LayoutTests/dom/xhtml/level2/html/HTMLDocument12.xhtml": [
19,
20,
35
],
"project:external_webkit-jb-mr1/LayoutTests/dom/xhtml/level2/html/HTMLDocument13.xhtml": [
19,
20,
35
],
"project:external_webkit-jb-mr1/LayoutTests/dom/xhtml/level2/html/HTMLDocument14.xhtml": [
19,
20,
35
],
"project:external_webkit-jb-mr1/LayoutTests/dom/xhtml/level2/html/HTMLDocument15.xhtml": [
19,
20,
35
],
"project:external_webkit-jb-mr1/LayoutTests/dom/xhtml/level2/html/HTMLDocument16.xhtml": [
19,
20,
35
],
"project:external_webkit-jb-mr1/LayoutTests/dom/xhtml/level2/html/HTMLDocument17.xhtml": [
19,
20,
35
],
"project:external_webkit-jb-mr1/LayoutTests/dom/xhtml/level2/html/HTMLDocument18.xhtml": [
19,
20,
35
],
"project:external_webkit-jb-mr1/LayoutTests/dom/xhtml/level2/html/HTMLDocument19.xhtml": [
19,
20,
35
],
"project:external_webkit-jb-mr1/LayoutTests/dom/xhtml/level2/html/HTMLDocument20.xhtml": [
19,
20,
35
],
"project:external_webkit-jb-mr1/LayoutTests/dom/xhtml/level2/html/HTMLDocument21.xhtml": [
19,
20,
35
],
"project:external_webkit-jb-mr1/LayoutTests/dom/xhtml/level2/html/HTMLDocument22.xhtml": [
19,
20,
35
],
"project:external_webkit-jb-mr1/LayoutTests/dom/xhtml/level2/html/HTMLDocument23.xhtml": [
19,
20,
35
],
"project:external_webkit-jb-mr1/LayoutTests/dom/xhtml/level2/html/HTMLDocument24.xhtml": [
19,
20,
35
],
"project:external_webkit-jb-mr1/LayoutTests/dom/xhtml/level2/html/HTMLDocument25.xhtml": [
19,
20,
35
],
"project:external_webkit-jb-mr1/LayoutTests/dom/xhtml/level2/html/HTMLDocument26.xhtml": [
19,
20,
35
],
"project:external_webkit-jb-mr1/LayoutTests/dom/xhtml/level2/html/HTMLDocument27.xhtml": [
19,
20,
35
],
"project:external_webkit-jb-mr1/LayoutTests/dom/xhtml/level2/html/HTMLInputElement01.xhtml": [
20,
30,
36,
38,
40,
42,
48,
53
],
"project:external_webkit-jb-mr1/LayoutTests/dom/xhtml/level2/html/HTMLInputElement02.xhtml": [
20,
30,
36,
38,
40,
42,
48,
53
],
"project:external_webkit-jb-mr1/LayoutTests/dom/xhtml/level2/html/HTMLInputElement03.xhtml": [
20,
30,
36,
38,
40,
42,
48,
53
],
"project:external_webkit-jb-mr1/LayoutTests/dom/xhtml/level2/html/HTMLInputElement04.xhtml": [
20,
30,
36,
38,
40,
42,
48,
53
],
"project:external_webkit-jb-mr1/LayoutTests/dom/xhtml/level2/html/HTMLInputElement05.xhtml": [
20,
30,
36,
38,
40,
42,
48,
53
],
"project:external_webkit-jb-mr1/LayoutTests/dom/xhtml/level2/html/HTMLInputElement06.xhtml": [
20,
30,
36,
38,
40,
42,
48,
53
],
"project:external_webkit-jb-mr1/LayoutTests/dom/xhtml/level2/html/HTMLInputElement07.xhtml": [
20,
30,
36,
38,
40,
42,
48,
53
],
"project:external_webkit-jb-mr1/LayoutTests/dom/xhtml/level2/html/HTMLInputElement08.xhtml": [
20,
30,
36,
38,
40,
42,
48,
53
],
"project:external_webkit-jb-mr1/LayoutTests/dom/xhtml/level2/html/HTMLInputElement09.xhtml": [
20,
30,
36,
38,
40,
42,
48,
53
],
"project:external_webkit-jb-mr1/LayoutTests/dom/xhtml/level2/html/HTMLInputElement10.xhtml": [
20,
30,
36,
38,
40,
42,
48,
53
],
"project:external_webkit-jb-mr1/LayoutTests/dom/xhtml/level2/html/HTMLInputElement11.xhtml": [
20,
30,
36,
38,
40,
42,
48,
53
],
"project:external_webkit-jb-mr1/LayoutTests/dom/xhtml/level2/html/HTMLInputElement12.xhtml": [
20,
30,
36,
38,
40,
42,
48,
53
],
"project:external_webkit-jb-mr1/LayoutTests/dom/xhtml/level2/html/HTMLInputElement13.xhtml": [
20,
30,
36,
38,
40,
42,
48,
53
],
"project:external_webkit-jb-mr1/LayoutTests/dom/xhtml/level2/html/HTMLInputElement14.xhtml": [
20,
30,
36,
38,
40,
42,
48,
53
],
"project:external_webkit-jb-mr1/LayoutTests/dom/xhtml/level2/html/HTMLInputElement15.xhtml": [
20,
30,
36,
38,
40,
42,
48,
53
],
"project:external_webkit-jb-mr1/LayoutTests/dom/xhtml/level2/html/HTMLInputElement16.xhtml": [
20,
30,
36,
38,
40,
42,
48,
53
],
"project:external_webkit-jb-mr1/LayoutTests/dom/xhtml/level2/html/HTMLInputElement17.xhtml": [
20,
30,
36,
38,
40,
42,
48,
53
],
"project:external_webkit-jb-mr1/LayoutTests/dom/xhtml/level2/html/HTMLInputElement18.xhtml": [
20,
30,
36,
38,
40,
42,
48,
53
],
"project:external_webkit-jb-mr1/LayoutTests/dom/xhtml/level2/html/HTMLInputElement19.xhtml": [
20,
30,
36,
38,
40,
42,
48,
53
],
"project:external_webkit-jb-mr1/LayoutTests/dom/xhtml/level2/html/HTMLInputElement20.xhtml": [
20,
30,
36,
38,
40,
42,
48,
53
],
"project:external_webkit-jb-mr1/LayoutTests/dom/xhtml/level2/html/HTMLInputElement21.xhtml": [
20,
30,
36,
38,
40,
42,
48,
53
],
"project:external_webkit-jb-mr1/LayoutTests/dom/xhtml/level2/html/HTMLInputElement22.xhtml": [
20,
30,
36,
38,
40,
42,
48,
53
],
"project:external_webkit-jb-mr1/LayoutTests/dom/xhtml/level2/html/HTMLOptionElement01.xhtml": [
12
],
"project:external_webkit-jb-mr1/LayoutTests/dom/xhtml/level2/html/HTMLOptionElement02.xhtml": [
12
],
"project:external_webkit-jb-mr1/LayoutTests/dom/xhtml/level2/html/HTMLOptionElement03.xhtml": [
12
],
"project:external_webkit-jb-mr1/LayoutTests/dom/xhtml/level2/html/HTMLOptionElement04.xhtml": [
12
],
"project:external_webkit-jb-mr1/LayoutTests/dom/xhtml/level2/html/HTMLOptionElement05.xhtml": [
12
],
"project:external_webkit-jb-mr1/LayoutTests/dom/xhtml/level2/html/HTMLOptionElement06.xhtml": [
12
],
"project:external_webkit-jb-mr1/LayoutTests/dom/xhtml/level2/html/HTMLOptionElement07.xhtml": [
12
],
"project:external_webkit-jb-mr1/LayoutTests/dom/xhtml/level2/html/HTMLOptionElement08.xhtml": [
12
],
"project:external_webkit-jb-mr1/LayoutTests/dom/xhtml/level2/html/HTMLOptionElement09.xhtml": [
12
],
"project:external_webkit-jb-mr1/LayoutTests/dom/xhtml/level2/html/HTMLOptionsCollection01.xhtml": [
12
],
"project:external_webkit-jb-mr1/LayoutTests/dom/xhtml/level2/html/HTMLOptionsCollection02.xhtml": [
12
],
"project:external_webkit-jb-mr1/LayoutTests/dom/xhtml/level2/html/HTMLOptionsCollection03.xhtml": [
12
],
"project:external_webkit-jb-mr1/LayoutTests/dom/xhtml/level2/html/HTMLOptionsCollection04.xhtml": [
12
],
"project:external_webkit-jb-mr1/LayoutTests/dom/xhtml/level2/html/HTMLOptionsCollection05.xhtml": [
12
],
"project:external_webkit-jb-mr1/LayoutTests/dom/xhtml/level2/html/HTMLOptionsCollection06.xhtml": [
12
],
"project:external_webkit-jb-mr1/LayoutTests/dom/xhtml/level2/html/HTMLOptionsCollection07.xhtml": [
12
],
"project:external_webkit-jb-mr1/LayoutTests/dom/xhtml/level2/html/HTMLSelectElement01.xhtml": [
12,
31
],
"project:external_webkit-jb-mr1/LayoutTests/dom/xhtml/level2/html/HTMLSelectElement02.xhtml": [
12,
31
],
"project:external_webkit-jb-mr1/LayoutTests/dom/xhtml/level2/html/HTMLSelectElement03.xhtml": [
12,
31
],
"project:external_webkit-jb-mr1/LayoutTests/dom/xhtml/level2/html/HTMLSelectElement04.xhtml": [
12,
31
],
"project:external_webkit-jb-mr1/LayoutTests/dom/xhtml/level2/html/HTMLSelectElement05.xhtml": [
12,
31
],
"project:external_webkit-jb-mr1/LayoutTests/dom/xhtml/level2/html/HTMLSelectElement06.xhtml": [
12,
31
],
"project:external_webkit-jb-mr1/LayoutTests/dom/xhtml/level2/html/HTMLSelectElement07.xhtml": [
12,
31
],
"project:external_webkit-jb-mr1/LayoutTests/dom/xhtml/level2/html/HTMLSelectElement08.xhtml": [
12,
31
],
"project:external_webkit-jb-mr1/LayoutTests/dom/xhtml/level2/html/HTMLSelectElement09.xhtml": [
12,
31
],
"project:external_webkit-jb-mr1/LayoutTests/dom/xhtml/level2/html/HTMLSelectElement10.xhtml": [
12,
31
],
"project:external_webkit-jb-mr1/LayoutTests/dom/xhtml/level2/html/HTMLSelectElement11.xhtml": [
12,
31
],
"project:external_webkit-jb-mr1/LayoutTests/dom/xhtml/level2/html/HTMLSelectElement12.xhtml": [
12,
31
],
"project:external_webkit-jb-mr1/LayoutTests/dom/xhtml/level2/html/HTMLSelectElement13.xhtml": [
12,
31
],
"project:external_webkit-jb-mr1/LayoutTests/dom/xhtml/level2/html/HTMLSelectElement14.xhtml": [
12,
31
],
"project:external_webkit-jb-mr1/LayoutTests/dom/xhtml/level2/html/HTMLSelectElement15.xhtml": [
12,
31
],
"project:external_webkit-jb-mr1/LayoutTests/dom/xhtml/level2/html/HTMLSelectElement16.xhtml": [
12,
31
],
"project:external_webkit-jb-mr1/LayoutTests/dom/xhtml/level2/html/HTMLSelectElement17.xhtml": [
12,
31
],
"project:external_webkit-jb-mr1/LayoutTests/dom/xhtml/level2/html/HTMLSelectElement18.xhtml": [
12,
31
],
"project:external_webkit-jb-mr1/LayoutTests/dom/xhtml/level2/html/HTMLSelectElement19.xhtml": [
12,
31
],
"project:external_webkit-jb-mr1/LayoutTests/dom/xhtml/level2/html/HTMLSelectElement20.xhtml": [
12,
31
],
"project:external_webkit-jb-mr1/LayoutTests/dom/xhtml/level2/html/HTMLTextAreaElement01.xhtml": [
12
],
"project:external_webkit-jb-mr1/LayoutTests/dom/xhtml/level2/html/HTMLTextAreaElement02.xhtml": [
12
],
"project:external_webkit-jb-mr1/LayoutTests/dom/xhtml/level2/html/HTMLTextAreaElement03.xhtml": [
12
],
"project:external_webkit-jb-mr1/LayoutTests/dom/xhtml/level2/html/HTMLTextAreaElement04.xhtml": [
12
],
"project:external_webkit-jb-mr1/LayoutTests/dom/xhtml/level2/html/HTMLTextAreaElement05.xhtml": [
12
],
"project:external_webkit-jb-mr1/LayoutTests/dom/xhtml/level2/html/HTMLTextAreaElement06.xhtml": [
12
],
"project:external_webkit-jb-mr1/LayoutTests/dom/xhtml/level2/html/HTMLTextAreaElement07.xhtml": [
12
],
"project:external_webkit-jb-mr1/LayoutTests/dom/xhtml/level2/html/HTMLTextAreaElement08.xhtml": [
12
],
"project:external_webkit-jb-mr1/LayoutTests/dom/xhtml/level2/html/HTMLTextAreaElement09.xhtml": [
12
],
"project:external_webkit-jb-mr1/LayoutTests/dom/xhtml/level2/html/HTMLTextAreaElement10.xhtml": [
12
],
"project:external_webkit-jb-mr1/LayoutTests/dom/xhtml/level2/html/HTMLTextAreaElement11.xhtml": [
12
],
"project:external_webkit-jb-mr1/LayoutTests/dom/xhtml/level2/html/HTMLTextAreaElement12.xhtml": [
12
],
"project:external_webkit-jb-mr1/LayoutTests/dom/xhtml/level2/html/HTMLTextAreaElement13.xhtml": [
12
],
"project:external_webkit-jb-mr1/LayoutTests/dom/xhtml/level2/html/HTMLTextAreaElement14.xhtml": [
12
],
"project:external_webkit-jb-mr1/LayoutTests/dom/xhtml/level2/html/HTMLTextAreaElement15.xhtml": [
12
],
"project:external_webkit-jb-mr1/LayoutTests/dom/xhtml/level2/html/anchor01.xhtml": [
11
],
"project:external_webkit-jb-mr1/LayoutTests/dom/xhtml/level2/html/anchor02.xhtml": [
11
],
"project:external_webkit-jb-mr1/LayoutTests/dom/xhtml/level2/html/anchor03.xhtml": [
11
],
"project:external_webkit-jb-mr1/LayoutTests/dom/xhtml/level2/html/anchor04.xhtml": [
11
],
"project:external_webkit-jb-mr1/LayoutTests/dom/xhtml/level2/html/anchor05.xhtml": [
11
],
"project:external_webkit-jb-mr1/LayoutTests/dom/xhtml/level2/html/anchor06.xhtml": [
11
],
"project:external_webkit-jb-mr1/LayoutTests/dom/xhtml/level2/html/area01.xhtml": [
12
],
"project:external_webkit-jb-mr1/LayoutTests/dom/xhtml/level2/html/area02.xhtml": [
12
],
"project:external_webkit-jb-mr1/LayoutTests/dom/xhtml/level2/html/area03.xhtml": [
12
],
"project:external_webkit-jb-mr1/LayoutTests/dom/xhtml/level2/html/area04.xhtml": [
12
],
"project:external_webkit-jb-mr1/LayoutTests/dom/xhtml/level2/html/button01.xhtml": [
12
],
"project:external_webkit-jb-mr1/LayoutTests/dom/xhtml/level2/html/button02.xhtml": [
12
],
"project:external_webkit-jb-mr1/LayoutTests/dom/xhtml/level2/html/button03.xhtml": [
12
],
"project:external_webkit-jb-mr1/LayoutTests/dom/xhtml/level2/html/button04.xhtml": [
12
],
"project:external_webkit-jb-mr1/LayoutTests/dom/xhtml/level2/html/button05.xhtml": [
12
],
"project:external_webkit-jb-mr1/LayoutTests/dom/xhtml/level2/html/button06.xhtml": [
12
],
"project:external_webkit-jb-mr1/LayoutTests/dom/xhtml/level2/html/button07.xhtml": [
12
],
"project:external_webkit-jb-mr1/LayoutTests/dom/xhtml/level2/html/button08.xhtml": [
12
],
"project:external_webkit-jb-mr1/LayoutTests/dom/xhtml/level2/html/button09.xhtml": [
12
],
"project:external_webkit-jb-mr1/LayoutTests/dom/xhtml/level2/html/doc01.xhtml": [
11
],
"project:phpMyAdmin-4.0.4-english/libraries/sql_query_form.lib.php": [
310,
313,
318
]
}
