{
"project:voten/resources/assets/js/components/pages/Credits.vue": [
30,
44,
62,
80,
98,
134,
148,
165,
182
],
"project:voten/resources/views/backend/server-controls.blade.php": [
142
]
}
