{
"project:Silverpeas-Core-master/src/site/resources/screenshots.html": [
19
],
"project:Silverpeas-Core-master/war-core/src/main/webapp/pdcPeas/jsp/webTab.jsp": [
53
],
"project:Silverpeas-Core-master/war-core/src/main/webapp/socialNetwork/jsp/channelFB.html": [
1
],
"project:Silverpeas-Core-master/war-core/src/main/webapp/wysiwyg/jsp/ckeditor/_samples/jqueryadapter.html": [
10
],
"project:external_webkit-jb-mr1/Source/WebCore/manual-tests/media-controls.html": [
71
],
"project:external_webkit-jb-mr1/Source/WebCore/manual-tests/media-default-playback-rate.html": [
5,
6
],
"project:external_webkit-jb-mr1/Source/WebCore/manual-tests/media-muted.html": [
3
],
"project:external_webkit-jb-mr1/Tools/BuildSlaveSupport/build.webkit.org-config/public_html/LeaksViewer/index.html": [
36,
37,
38,
39,
40,
41,
42,
43,
44,
45,
46,
47,
48
],
"project:external_webkit-jb-mr1/Tools/CSSTestSuiteHarness/harness/harness.html": [
35
],
"project:external_webkit-jb-mr1/Tools/RebaselineQueueServer/templates/builder-picker.html": [
5
],
"project:external_webkit-jb-mr1/Tools/RebaselineQueueServer/templates/builder-queue-edit.html": [
5
],
"project:sonar-master/plugins/sonar-design-plugin/src/main/resources/org/sonar/plugins/design/ui/libraries/public/test.html": [
11
],
"project:sonar-master/plugins/sonar-design-plugin/src/main/resources/org/sonar/plugins/design/ui/page/public/test.html": [
11
],
"project:voten/resources/views/layouts/app.blade.php": [
11
],
"project:voten/resources/views/layouts/bootstrap.blade.php": [
15
],
"project:voten/resources/views/layouts/guest.blade.php": [
14,
54
],
"project:voten/resources/views/layouts/no-sidebar.blade.php": [
14,
40
]
}
