{
'project:external_webkit-jb-mr1/LayoutTests/fast/encoding/hanarei-blog32-fc2-com.html':[
20,
],
}
