{
'project:external_webkit-jb-mr1/LayoutTests/dom/html/level2/html/HTMLCollection01.html':[
14,
15,
16,
17,
22,
23,
24,
25,
26,
27,
],
'project:external_webkit-jb-mr1/LayoutTests/dom/html/level2/html/HTMLCollection02.html':[
14,
15,
16,
17,
22,
23,
24,
25,
26,
27,
],
'project:external_webkit-jb-mr1/LayoutTests/dom/html/level2/html/HTMLCollection03.html':[
14,
15,
16,
17,
22,
23,
24,
25,
26,
27,
],
'project:external_webkit-jb-mr1/LayoutTests/dom/html/level2/html/HTMLCollection04.html':[
14,
15,
16,
17,
22,
23,
24,
25,
26,
27,
],
'project:external_webkit-jb-mr1/LayoutTests/dom/html/level2/html/HTMLCollection05.html':[
14,
15,
16,
17,
22,
23,
24,
25,
26,
27,
],
'project:external_webkit-jb-mr1/LayoutTests/dom/html/level2/html/HTMLCollection06.html':[
14,
15,
16,
17,
22,
23,
24,
25,
26,
27,
],
'project:external_webkit-jb-mr1/LayoutTests/dom/html/level2/html/HTMLCollection07.html':[
14,
15,
16,
17,
22,
23,
24,
25,
26,
27,
],
'project:external_webkit-jb-mr1/LayoutTests/dom/html/level2/html/HTMLCollection08.html':[
14,
15,
16,
17,
22,
23,
24,
25,
26,
27,
],
'project:external_webkit-jb-mr1/LayoutTests/dom/html/level2/html/HTMLCollection09.html':[
14,
15,
16,
17,
22,
23,
24,
25,
26,
27,
],
'project:external_webkit-jb-mr1/LayoutTests/dom/html/level2/html/HTMLCollection10.html':[
14,
15,
16,
17,
22,
23,
24,
25,
26,
27,
],
'project:external_webkit-jb-mr1/LayoutTests/dom/html/level2/html/HTMLCollection11.html':[
14,
15,
16,
17,
22,
23,
24,
25,
26,
27,
],
'project:external_webkit-jb-mr1/LayoutTests/dom/html/level2/html/HTMLCollection12.html':[
14,
15,
16,
17,
22,
23,
24,
25,
26,
27,
],
'project:external_webkit-jb-mr1/LayoutTests/dom/html/level2/html/HTMLTableElement01.html':[
22,
23,
24,
25,
30,
31,
32,
33,
34,
35,
],
'project:external_webkit-jb-mr1/LayoutTests/dom/html/level2/html/HTMLTableElement02.html':[
22,
23,
24,
25,
30,
31,
32,
33,
34,
35,
],
'project:external_webkit-jb-mr1/LayoutTests/dom/html/level2/html/HTMLTableElement03.html':[
22,
23,
24,
25,
30,
31,
32,
33,
34,
35,
],
'project:external_webkit-jb-mr1/LayoutTests/dom/html/level2/html/HTMLTableElement04.html':[
22,
23,
24,
25,
30,
31,
32,
33,
34,
35,
],
'project:external_webkit-jb-mr1/LayoutTests/dom/html/level2/html/HTMLTableElement05.html':[
22,
23,
24,
25,
30,
31,
32,
33,
34,
35,
],
'project:external_webkit-jb-mr1/LayoutTests/dom/html/level2/html/HTMLTableElement06.html':[
22,
23,
24,
25,
30,
31,
32,
33,
34,
35,
],
'project:external_webkit-jb-mr1/LayoutTests/dom/html/level2/html/HTMLTableElement07.html':[
22,
23,
24,
25,
30,
31,
32,
33,
34,
35,
],
'project:external_webkit-jb-mr1/LayoutTests/dom/html/level2/html/HTMLTableElement08.html':[
22,
23,
24,
25,
30,
31,
32,
33,
34,
35,
],
'project:external_webkit-jb-mr1/LayoutTests/dom/html/level2/html/HTMLTableElement09.html':[
22,
23,
24,
25,
30,
31,
32,
33,
34,
35,
],
'project:external_webkit-jb-mr1/LayoutTests/dom/html/level2/html/HTMLTableElement10.html':[
22,
23,
24,
25,
30,
31,
32,
33,
34,
35,
],
'project:external_webkit-jb-mr1/LayoutTests/dom/html/level2/html/HTMLTableElement11.html':[
22,
23,
24,
25,
30,
31,
32,
33,
34,
35,
],
'project:external_webkit-jb-mr1/LayoutTests/dom/html/level2/html/HTMLTableElement12.html':[
22,
23,
24,
25,
30,
31,
32,
33,
34,
35,
],
'project:external_webkit-jb-mr1/LayoutTests/dom/html/level2/html/HTMLTableElement13.html':[
22,
23,
24,
25,
30,
31,
32,
33,
34,
35,
],
'project:external_webkit-jb-mr1/LayoutTests/dom/html/level2/html/HTMLTableElement14.html':[
22,
23,
24,
25,
30,
31,
32,
33,
34,
35,
],
'project:external_webkit-jb-mr1/LayoutTests/dom/html/level2/html/HTMLTableElement15.html':[
22,
23,
24,
25,
30,
31,
32,
33,
34,
35,
],
'project:external_webkit-jb-mr1/LayoutTests/dom/html/level2/html/HTMLTableElement16.html':[
22,
23,
24,
25,
30,
31,
32,
33,
34,
35,
],
'project:external_webkit-jb-mr1/LayoutTests/dom/html/level2/html/HTMLTableElement17.html':[
22,
23,
24,
25,
30,
31,
32,
33,
34,
35,
],
'project:external_webkit-jb-mr1/LayoutTests/dom/html/level2/html/HTMLTableElement18.html':[
22,
23,
24,
25,
30,
31,
32,
33,
34,
35,
],
'project:external_webkit-jb-mr1/LayoutTests/dom/html/level2/html/HTMLTableElement19.html':[
22,
23,
24,
25,
30,
31,
32,
33,
34,
35,
],
'project:external_webkit-jb-mr1/LayoutTests/dom/html/level2/html/HTMLTableElement20.html':[
22,
23,
24,
25,
30,
31,
32,
33,
34,
35,
],
'project:external_webkit-jb-mr1/LayoutTests/dom/html/level2/html/HTMLTableElement21.html':[
22,
23,
24,
25,
30,
31,
32,
33,
34,
35,
],
'project:external_webkit-jb-mr1/LayoutTests/dom/html/level2/html/HTMLTableElement22.html':[
22,
23,
24,
25,
30,
31,
32,
33,
34,
35,
],
'project:external_webkit-jb-mr1/LayoutTests/dom/html/level2/html/HTMLTableElement23.html':[
22,
23,
24,
25,
30,
31,
32,
33,
34,
35,
],
'project:external_webkit-jb-mr1/LayoutTests/dom/html/level2/html/HTMLTableElement24.html':[
22,
23,
24,
25,
30,
31,
32,
33,
34,
35,
],
'project:external_webkit-jb-mr1/LayoutTests/dom/html/level2/html/HTMLTableElement25.html':[
22,
23,
24,
25,
30,
31,
32,
33,
34,
35,
],
'project:external_webkit-jb-mr1/LayoutTests/dom/html/level2/html/HTMLTableElement26.html':[
22,
23,
24,
25,
30,
31,
32,
33,
34,
35,
],
'project:external_webkit-jb-mr1/LayoutTests/dom/html/level2/html/HTMLTableElement27.html':[
22,
23,
24,
25,
30,
31,
32,
33,
34,
35,
],
'project:external_webkit-jb-mr1/LayoutTests/dom/html/level2/html/HTMLTableElement28.html':[
22,
23,
24,
25,
30,
31,
32,
33,
34,
35,
],
'project:external_webkit-jb-mr1/LayoutTests/dom/html/level2/html/HTMLTableElement29.html':[
22,
23,
24,
25,
30,
31,
32,
33,
34,
35,
],
'project:external_webkit-jb-mr1/LayoutTests/dom/html/level2/html/HTMLTableElement30.html':[
22,
23,
24,
25,
30,
31,
32,
33,
34,
35,
],
'project:external_webkit-jb-mr1/LayoutTests/dom/html/level2/html/HTMLTableElement32.html':[
22,
23,
24,
25,
30,
31,
32,
33,
34,
35,
],
'project:external_webkit-jb-mr1/LayoutTests/dom/html/level2/html/HTMLTableElement33.html':[
22,
23,
24,
25,
30,
31,
32,
33,
34,
35,
],
'project:external_webkit-jb-mr1/LayoutTests/dom/html/level2/html/HTMLTableElement34.html':[
22,
23,
24,
25,
30,
31,
32,
33,
34,
35,
],
'project:external_webkit-jb-mr1/LayoutTests/dom/html/level2/html/HTMLTableElement35.html':[
22,
23,
24,
25,
30,
31,
32,
33,
34,
35,
],
'project:external_webkit-jb-mr1/LayoutTests/dom/html/level2/html/HTMLTableElement36.html':[
22,
23,
24,
25,
30,
31,
32,
33,
34,
35,
],
'project:external_webkit-jb-mr1/LayoutTests/dom/html/level2/html/HTMLTableElement37.html':[
22,
23,
24,
25,
30,
31,
32,
33,
34,
35,
],
'project:external_webkit-jb-mr1/LayoutTests/dom/html/level2/html/HTMLTableElement38.html':[
22,
23,
24,
25,
30,
31,
32,
33,
34,
35,
],
'project:external_webkit-jb-mr1/LayoutTests/dom/html/level2/html/HTMLTableElement39.html':[
22,
23,
24,
25,
30,
31,
32,
33,
34,
35,
],
'project:external_webkit-jb-mr1/LayoutTests/dom/html/level2/html/HTMLTableElement40.html':[
22,
23,
24,
25,
30,
31,
32,
33,
34,
35,
],
'project:external_webkit-jb-mr1/LayoutTests/dom/html/level2/html/HTMLTableRowElement01.html':[
22,
23,
24,
25,
30,
31,
32,
33,
34,
35,
],
'project:external_webkit-jb-mr1/LayoutTests/dom/html/level2/html/HTMLTableRowElement02.html':[
22,
23,
24,
25,
30,
31,
32,
33,
34,
35,
],
'project:external_webkit-jb-mr1/LayoutTests/dom/html/level2/html/HTMLTableRowElement03.html':[
22,
23,
24,
25,
30,
31,
32,
33,
34,
35,
],
'project:external_webkit-jb-mr1/LayoutTests/dom/html/level2/html/HTMLTableRowElement04.html':[
22,
23,
24,
25,
30,
31,
32,
33,
34,
35,
],
'project:external_webkit-jb-mr1/LayoutTests/dom/html/level2/html/HTMLTableRowElement05.html':[
22,
23,
24,
25,
30,
31,
32,
33,
34,
35,
],
'project:external_webkit-jb-mr1/LayoutTests/dom/html/level2/html/HTMLTableRowElement06.html':[
22,
23,
24,
25,
30,
31,
32,
33,
34,
35,
],
'project:external_webkit-jb-mr1/LayoutTests/dom/html/level2/html/HTMLTableRowElement07.html':[
22,
23,
24,
25,
30,
31,
32,
33,
34,
35,
],
'project:external_webkit-jb-mr1/LayoutTests/dom/html/level2/html/HTMLTableRowElement08.html':[
22,
23,
24,
25,
30,
31,
32,
33,
34,
35,
],
'project:external_webkit-jb-mr1/LayoutTests/dom/html/level2/html/HTMLTableRowElement09.html':[
22,
23,
24,
25,
30,
31,
32,
33,
34,
35,
],
'project:external_webkit-jb-mr1/LayoutTests/dom/html/level2/html/HTMLTableRowElement10.html':[
22,
23,
24,
25,
30,
31,
32,
33,
34,
35,
],
'project:external_webkit-jb-mr1/LayoutTests/dom/html/level2/html/HTMLTableRowElement11.html':[
22,
23,
24,
25,
30,
31,
32,
33,
34,
35,
],
'project:external_webkit-jb-mr1/LayoutTests/dom/html/level2/html/HTMLTableRowElement12.html':[
22,
23,
24,
25,
30,
31,
32,
33,
34,
35,
],
'project:external_webkit-jb-mr1/LayoutTests/dom/html/level2/html/HTMLTableRowElement13.html':[
22,
23,
24,
25,
30,
31,
32,
33,
34,
35,
],
'project:external_webkit-jb-mr1/LayoutTests/dom/html/level2/html/HTMLTableRowElement14.html':[
22,
23,
24,
25,
30,
31,
32,
33,
34,
35,
],
'project:external_webkit-jb-mr1/LayoutTests/dom/html/level2/html/HTMLTableRowElement15.html':[
22,
23,
24,
25,
30,
31,
32,
33,
34,
35,
],
'project:external_webkit-jb-mr1/LayoutTests/dom/html/level2/html/HTMLTableRowElement16.html':[
22,
23,
24,
25,
30,
31,
32,
33,
34,
35,
],
'project:external_webkit-jb-mr1/LayoutTests/dom/html/level2/html/HTMLTableRowElement17.html':[
22,
23,
24,
25,
30,
31,
32,
33,
34,
35,
],
'project:external_webkit-jb-mr1/LayoutTests/dom/html/level2/html/HTMLTableRowElement18.html':[
22,
23,
24,
25,
30,
31,
32,
33,
34,
35,
],
'project:external_webkit-jb-mr1/LayoutTests/dom/html/level2/html/HTMLTableRowElement19.html':[
22,
23,
24,
25,
30,
31,
32,
33,
34,
35,
],
'project:external_webkit-jb-mr1/LayoutTests/dom/html/level2/html/HTMLTableRowElement20.html':[
22,
23,
24,
25,
30,
31,
32,
33,
34,
35,
],
'project:external_webkit-jb-mr1/LayoutTests/dom/html/level2/html/HTMLTableRowElement21.html':[
22,
23,
24,
25,
30,
31,
32,
33,
34,
35,
],
'project:external_webkit-jb-mr1/LayoutTests/dom/html/level2/html/HTMLTableSectionElement01.html':[
24,
25,
26,
27,
32,
33,
34,
35,
36,
37,
],
'project:external_webkit-jb-mr1/LayoutTests/dom/html/level2/html/HTMLTableSectionElement02.html':[
24,
25,
26,
27,
32,
33,
34,
35,
36,
37,
],
'project:external_webkit-jb-mr1/LayoutTests/dom/html/level2/html/HTMLTableSectionElement03.html':[
24,
25,
26,
27,
32,
33,
34,
35,
36,
37,
],
'project:external_webkit-jb-mr1/LayoutTests/dom/html/level2/html/HTMLTableSectionElement04.html':[
24,
25,
26,
27,
32,
33,
34,
35,
36,
37,
],
'project:external_webkit-jb-mr1/LayoutTests/dom/html/level2/html/HTMLTableSectionElement05.html':[
24,
25,
26,
27,
32,
33,
34,
35,
36,
37,
],
'project:external_webkit-jb-mr1/LayoutTests/dom/html/level2/html/HTMLTableSectionElement06.html':[
24,
25,
26,
27,
32,
33,
34,
35,
36,
37,
],
'project:external_webkit-jb-mr1/LayoutTests/dom/html/level2/html/HTMLTableSectionElement07.html':[
24,
25,
26,
27,
32,
33,
34,
35,
36,
37,
],
'project:external_webkit-jb-mr1/LayoutTests/dom/html/level2/html/HTMLTableSectionElement08.html':[
24,
25,
26,
27,
32,
33,
34,
35,
36,
37,
],
'project:external_webkit-jb-mr1/LayoutTests/dom/html/level2/html/HTMLTableSectionElement09.html':[
24,
25,
26,
27,
32,
33,
34,
35,
36,
37,
],
'project:external_webkit-jb-mr1/LayoutTests/dom/html/level2/html/HTMLTableSectionElement10.html':[
24,
25,
26,
27,
32,
33,
34,
35,
36,
37,
],
'project:external_webkit-jb-mr1/LayoutTests/dom/html/level2/html/HTMLTableSectionElement11.html':[
24,
25,
26,
27,
32,
33,
34,
35,
36,
37,
],
'project:external_webkit-jb-mr1/LayoutTests/dom/html/level2/html/HTMLTableSectionElement12.html':[
24,
25,
26,
27,
32,
33,
34,
35,
36,
37,
],
'project:external_webkit-jb-mr1/LayoutTests/dom/html/level2/html/HTMLTableSectionElement13.html':[
24,
25,
26,
27,
32,
33,
34,
35,
36,
37,
],
'project:external_webkit-jb-mr1/LayoutTests/dom/html/level2/html/HTMLTableSectionElement14.html':[
24,
25,
26,
27,
32,
33,
34,
35,
36,
37,
],
'project:external_webkit-jb-mr1/LayoutTests/dom/html/level2/html/HTMLTableSectionElement15.html':[
24,
25,
26,
27,
32,
33,
34,
35,
36,
37,
],
'project:external_webkit-jb-mr1/LayoutTests/dom/html/level2/html/HTMLTableSectionElement16.html':[
24,
25,
26,
27,
32,
33,
34,
35,
36,
37,
],
'project:external_webkit-jb-mr1/LayoutTests/dom/html/level2/html/HTMLTableSectionElement17.html':[
24,
25,
26,
27,
32,
33,
34,
35,
36,
37,
],
'project:external_webkit-jb-mr1/LayoutTests/dom/html/level2/html/HTMLTableSectionElement18.html':[
24,
25,
26,
27,
32,
33,
34,
35,
36,
37,
],
'project:external_webkit-jb-mr1/LayoutTests/dom/html/level2/html/HTMLTableSectionElement19.html':[
24,
25,
26,
27,
32,
33,
34,
35,
36,
37,
],
'project:external_webkit-jb-mr1/LayoutTests/dom/html/level2/html/HTMLTableSectionElement20.html':[
24,
25,
26,
27,
32,
33,
34,
35,
36,
37,
],
'project:external_webkit-jb-mr1/LayoutTests/dom/html/level2/html/HTMLTableSectionElement21.html':[
24,
25,
26,
27,
32,
33,
34,
35,
36,
37,
],
'project:external_webkit-jb-mr1/LayoutTests/dom/html/level2/html/HTMLTableSectionElement22.html':[
24,
25,
26,
27,
32,
33,
34,
35,
36,
37,
],
'project:external_webkit-jb-mr1/LayoutTests/dom/html/level2/html/HTMLTableSectionElement23.html':[
24,
25,
26,
27,
32,
33,
34,
35,
36,
37,
],
'project:external_webkit-jb-mr1/LayoutTests/dom/html/level2/html/HTMLTableSectionElement24.html':[
24,
25,
26,
27,
32,
33,
34,
35,
36,
37,
],
'project:external_webkit-jb-mr1/LayoutTests/dom/html/level2/html/HTMLTableSectionElement25.html':[
24,
25,
26,
27,
32,
33,
34,
35,
36,
37,
],
'project:external_webkit-jb-mr1/LayoutTests/dom/html/level2/html/HTMLTableSectionElement26.html':[
24,
25,
26,
27,
32,
33,
34,
35,
36,
37,
],
'project:external_webkit-jb-mr1/LayoutTests/dom/html/level2/html/HTMLTableSectionElement27.html':[
24,
25,
26,
27,
32,
33,
34,
35,
36,
37,
],
'project:external_webkit-jb-mr1/LayoutTests/dom/html/level2/html/HTMLTableSectionElement28.html':[
24,
25,
26,
27,
32,
33,
34,
35,
36,
37,
],
'project:external_webkit-jb-mr1/LayoutTests/dom/html/level2/html/HTMLTableSectionElement29.html':[
24,
25,
26,
27,
32,
33,
34,
35,
36,
37,
],
'project:external_webkit-jb-mr1/LayoutTests/dom/html/level2/html/HTMLTableSectionElement30.html':[
24,
25,
26,
27,
32,
33,
34,
35,
36,
37,
],
'project:external_webkit-jb-mr1/LayoutTests/dom/html/level2/html/HTMLTableSectionElement31.html':[
24,
25,
26,
27,
32,
33,
34,
35,
36,
37,
],
'project:external_webkit-jb-mr1/LayoutTests/dom/html/level2/html/table02.html':[
24,
25,
26,
27,
32,
33,
34,
35,
36,
37,
],
'project:external_webkit-jb-mr1/LayoutTests/dom/html/level2/html/table03.html':[
24,
25,
26,
27,
32,
33,
34,
35,
36,
37,
],
'project:external_webkit-jb-mr1/LayoutTests/dom/html/level2/html/table04.html':[
24,
25,
26,
27,
32,
33,
34,
35,
36,
37,
],
'project:external_webkit-jb-mr1/LayoutTests/dom/html/level2/html/table06.html':[
24,
25,
26,
27,
32,
33,
34,
35,
36,
37,
],
'project:external_webkit-jb-mr1/LayoutTests/dom/html/level2/html/table07.html':[
24,
25,
26,
27,
32,
33,
34,
35,
36,
37,
],
'project:external_webkit-jb-mr1/LayoutTests/dom/html/level2/html/table08.html':[
24,
25,
26,
27,
32,
33,
34,
35,
36,
37,
],
'project:external_webkit-jb-mr1/LayoutTests/dom/html/level2/html/table09.html':[
24,
25,
26,
27,
32,
33,
34,
35,
36,
37,
],
'project:external_webkit-jb-mr1/LayoutTests/dom/html/level2/html/table10.html':[
24,
25,
26,
27,
32,
33,
34,
35,
36,
37,
],
'project:external_webkit-jb-mr1/LayoutTests/dom/html/level2/html/table12.html':[
24,
25,
26,
27,
32,
33,
34,
35,
36,
37,
],
'project:external_webkit-jb-mr1/LayoutTests/dom/html/level2/html/table15.html':[
24,
25,
26,
27,
32,
33,
34,
35,
36,
37,
],
'project:external_webkit-jb-mr1/LayoutTests/dom/html/level2/html/table17.html':[
24,
25,
26,
27,
32,
33,
34,
35,
36,
37,
],
'project:external_webkit-jb-mr1/LayoutTests/dom/html/level2/html/table33.html':[
22,
23,
24,
25,
30,
31,
32,
33,
34,
35,
],
'project:external_webkit-jb-mr1/LayoutTests/dom/html/level2/html/table34.html':[
22,
23,
24,
25,
30,
31,
32,
33,
34,
35,
],
'project:external_webkit-jb-mr1/LayoutTests/dom/html/level2/html/table35.html':[
22,
23,
24,
25,
30,
31,
32,
33,
34,
35,
],
'project:external_webkit-jb-mr1/LayoutTests/dom/html/level2/html/table36.html':[
22,
23,
24,
25,
30,
31,
32,
33,
34,
35,
],
'project:external_webkit-jb-mr1/LayoutTests/dom/html/level2/html/table37.html':[
22,
23,
24,
25,
30,
31,
32,
33,
34,
35,
],
'project:external_webkit-jb-mr1/LayoutTests/dom/html/level2/html/table38.html':[
22,
23,
24,
25,
30,
31,
32,
33,
34,
35,
],
'project:external_webkit-jb-mr1/LayoutTests/dom/html/level2/html/table39.html':[
22,
23,
24,
25,
30,
31,
32,
33,
34,
35,
],
'project:external_webkit-jb-mr1/LayoutTests/dom/html/level2/html/table40.html':[
22,
23,
24,
25,
30,
31,
32,
33,
34,
35,
],
'project:external_webkit-jb-mr1/LayoutTests/dom/html/level2/html/table41.html':[
22,
23,
24,
25,
30,
31,
32,
33,
34,
35,
],
'project:external_webkit-jb-mr1/LayoutTests/dom/html/level2/html/table42.html':[
22,
23,
24,
25,
30,
31,
32,
33,
34,
35,
],
'project:external_webkit-jb-mr1/LayoutTests/dom/html/level2/html/table43.html':[
22,
23,
24,
25,
30,
31,
32,
33,
34,
35,
],
'project:external_webkit-jb-mr1/LayoutTests/dom/html/level2/html/table44.html':[
22,
23,
24,
25,
30,
31,
32,
33,
34,
35,
],
'project:external_webkit-jb-mr1/LayoutTests/dom/html/level2/html/table45.html':[
22,
23,
24,
25,
30,
31,
32,
33,
34,
35,
],
'project:external_webkit-jb-mr1/LayoutTests/dom/html/level2/html/table46.html':[
22,
23,
24,
25,
30,
31,
32,
33,
34,
35,
],
'project:external_webkit-jb-mr1/LayoutTests/dom/html/level2/html/table47.html':[
22,
23,
24,
25,
30,
31,
32,
33,
34,
35,
],
'project:external_webkit-jb-mr1/LayoutTests/dom/xhtml/level2/html/HTMLCollection01.xhtml':[
16,
17,
18,
19,
24,
25,
26,
27,
28,
29,
],
'project:external_webkit-jb-mr1/LayoutTests/dom/xhtml/level2/html/HTMLCollection02.xhtml':[
16,
17,
18,
19,
24,
25,
26,
27,
28,
29,
],
'project:external_webkit-jb-mr1/LayoutTests/dom/xhtml/level2/html/HTMLCollection03.xhtml':[
16,
17,
18,
19,
24,
25,
26,
27,
28,
29,
],
'project:external_webkit-jb-mr1/LayoutTests/dom/xhtml/level2/html/HTMLCollection04.xhtml':[
16,
17,
18,
19,
24,
25,
26,
27,
28,
29,
],
'project:external_webkit-jb-mr1/LayoutTests/dom/xhtml/level2/html/HTMLCollection05.xhtml':[
16,
17,
18,
19,
24,
25,
26,
27,
28,
29,
],
'project:external_webkit-jb-mr1/LayoutTests/dom/xhtml/level2/html/HTMLCollection06.xhtml':[
16,
17,
18,
19,
24,
25,
26,
27,
28,
29,
],
'project:external_webkit-jb-mr1/LayoutTests/dom/xhtml/level2/html/HTMLCollection07.xhtml':[
16,
17,
18,
19,
24,
25,
26,
27,
28,
29,
],
'project:external_webkit-jb-mr1/LayoutTests/dom/xhtml/level2/html/HTMLCollection08.xhtml':[
16,
17,
18,
19,
24,
25,
26,
27,
28,
29,
],
'project:external_webkit-jb-mr1/LayoutTests/dom/xhtml/level2/html/HTMLCollection09.xhtml':[
16,
17,
18,
19,
24,
25,
26,
27,
28,
29,
],
'project:external_webkit-jb-mr1/LayoutTests/dom/xhtml/level2/html/HTMLCollection10.xhtml':[
16,
17,
18,
19,
24,
25,
26,
27,
28,
29,
],
'project:external_webkit-jb-mr1/LayoutTests/dom/xhtml/level2/html/HTMLCollection11.xhtml':[
16,
17,
18,
19,
24,
25,
26,
27,
28,
29,
],
'project:external_webkit-jb-mr1/LayoutTests/dom/xhtml/level2/html/HTMLCollection12.xhtml':[
16,
17,
18,
19,
24,
25,
26,
27,
28,
29,
],
'project:external_webkit-jb-mr1/LayoutTests/dom/xhtml/level2/html/HTMLTableElement01.xhtml':[
24,
25,
26,
27,
32,
33,
34,
35,
36,
37,
],
'project:external_webkit-jb-mr1/LayoutTests/dom/xhtml/level2/html/HTMLTableElement02.xhtml':[
24,
25,
26,
27,
32,
33,
34,
35,
36,
37,
],
'project:external_webkit-jb-mr1/LayoutTests/dom/xhtml/level2/html/HTMLTableElement03.xhtml':[
24,
25,
26,
27,
32,
33,
34,
35,
36,
37,
],
'project:external_webkit-jb-mr1/LayoutTests/dom/xhtml/level2/html/HTMLTableElement04.xhtml':[
24,
25,
26,
27,
32,
33,
34,
35,
36,
37,
],
'project:external_webkit-jb-mr1/LayoutTests/dom/xhtml/level2/html/HTMLTableElement05.xhtml':[
24,
25,
26,
27,
32,
33,
34,
35,
36,
37,
],
'project:external_webkit-jb-mr1/LayoutTests/dom/xhtml/level2/html/HTMLTableElement06.xhtml':[
24,
25,
26,
27,
32,
33,
34,
35,
36,
37,
],
'project:external_webkit-jb-mr1/LayoutTests/dom/xhtml/level2/html/HTMLTableElement07.xhtml':[
24,
25,
26,
27,
32,
33,
34,
35,
36,
37,
],
'project:external_webkit-jb-mr1/LayoutTests/dom/xhtml/level2/html/HTMLTableElement08.xhtml':[
24,
25,
26,
27,
32,
33,
34,
35,
36,
37,
],
'project:external_webkit-jb-mr1/LayoutTests/dom/xhtml/level2/html/HTMLTableElement09.xhtml':[
24,
25,
26,
27,
32,
33,
34,
35,
36,
37,
],
'project:external_webkit-jb-mr1/LayoutTests/dom/xhtml/level2/html/HTMLTableElement10.xhtml':[
24,
25,
26,
27,
32,
33,
34,
35,
36,
37,
],
'project:external_webkit-jb-mr1/LayoutTests/dom/xhtml/level2/html/HTMLTableElement11.xhtml':[
24,
25,
26,
27,
32,
33,
34,
35,
36,
37,
],
'project:external_webkit-jb-mr1/LayoutTests/dom/xhtml/level2/html/HTMLTableElement12.xhtml':[
24,
25,
26,
27,
32,
33,
34,
35,
36,
37,
],
'project:external_webkit-jb-mr1/LayoutTests/dom/xhtml/level2/html/HTMLTableElement13.xhtml':[
24,
25,
26,
27,
32,
33,
34,
35,
36,
37,
],
'project:external_webkit-jb-mr1/LayoutTests/dom/xhtml/level2/html/HTMLTableElement14.xhtml':[
24,
25,
26,
27,
32,
33,
34,
35,
36,
37,
],
'project:external_webkit-jb-mr1/LayoutTests/dom/xhtml/level2/html/HTMLTableElement15.xhtml':[
24,
25,
26,
27,
32,
33,
34,
35,
36,
37,
],
'project:external_webkit-jb-mr1/LayoutTests/dom/xhtml/level2/html/HTMLTableElement16.xhtml':[
24,
25,
26,
27,
32,
33,
34,
35,
36,
37,
],
'project:external_webkit-jb-mr1/LayoutTests/dom/xhtml/level2/html/HTMLTableElement17.xhtml':[
24,
25,
26,
27,
32,
33,
34,
35,
36,
37,
],
'project:external_webkit-jb-mr1/LayoutTests/dom/xhtml/level2/html/HTMLTableElement18.xhtml':[
24,
25,
26,
27,
32,
33,
34,
35,
36,
37,
],
'project:external_webkit-jb-mr1/LayoutTests/dom/xhtml/level2/html/HTMLTableElement19.xhtml':[
24,
25,
26,
27,
32,
33,
34,
35,
36,
37,
],
'project:external_webkit-jb-mr1/LayoutTests/dom/xhtml/level2/html/HTMLTableElement20.xhtml':[
24,
25,
26,
27,
32,
33,
34,
35,
36,
37,
],
'project:external_webkit-jb-mr1/LayoutTests/dom/xhtml/level2/html/HTMLTableElement21.xhtml':[
24,
25,
26,
27,
32,
33,
34,
35,
36,
37,
],
'project:external_webkit-jb-mr1/LayoutTests/dom/xhtml/level2/html/HTMLTableElement22.xhtml':[
24,
25,
26,
27,
32,
33,
34,
35,
36,
37,
],
'project:external_webkit-jb-mr1/LayoutTests/dom/xhtml/level2/html/HTMLTableElement23.xhtml':[
24,
25,
26,
27,
32,
33,
34,
35,
36,
37,
],
'project:external_webkit-jb-mr1/LayoutTests/dom/xhtml/level2/html/HTMLTableElement24.xhtml':[
24,
25,
26,
27,
32,
33,
34,
35,
36,
37,
],
'project:external_webkit-jb-mr1/LayoutTests/dom/xhtml/level2/html/HTMLTableElement25.xhtml':[
24,
25,
26,
27,
32,
33,
34,
35,
36,
37,
],
'project:external_webkit-jb-mr1/LayoutTests/dom/xhtml/level2/html/HTMLTableElement26.xhtml':[
24,
25,
26,
27,
32,
33,
34,
35,
36,
37,
],
'project:external_webkit-jb-mr1/LayoutTests/dom/xhtml/level2/html/HTMLTableElement27.xhtml':[
24,
25,
26,
27,
32,
33,
34,
35,
36,
37,
],
'project:external_webkit-jb-mr1/LayoutTests/dom/xhtml/level2/html/HTMLTableElement28.xhtml':[
24,
25,
26,
27,
32,
33,
34,
35,
36,
37,
],
'project:external_webkit-jb-mr1/LayoutTests/dom/xhtml/level2/html/HTMLTableElement29.xhtml':[
24,
25,
26,
27,
32,
33,
34,
35,
36,
37,
],
'project:external_webkit-jb-mr1/LayoutTests/dom/xhtml/level2/html/HTMLTableElement30.xhtml':[
24,
25,
26,
27,
32,
33,
34,
35,
36,
37,
],
'project:external_webkit-jb-mr1/LayoutTests/dom/xhtml/level2/html/HTMLTableElement32.xhtml':[
24,
25,
26,
27,
32,
33,
34,
35,
36,
37,
],
'project:external_webkit-jb-mr1/LayoutTests/dom/xhtml/level2/html/HTMLTableElement33.xhtml':[
24,
25,
26,
27,
32,
33,
34,
35,
36,
37,
],
'project:external_webkit-jb-mr1/LayoutTests/dom/xhtml/level2/html/HTMLTableElement34.xhtml':[
24,
25,
26,
27,
32,
33,
34,
35,
36,
37,
],
'project:external_webkit-jb-mr1/LayoutTests/dom/xhtml/level2/html/HTMLTableElement35.xhtml':[
24,
25,
26,
27,
32,
33,
34,
35,
36,
37,
],
'project:external_webkit-jb-mr1/LayoutTests/dom/xhtml/level2/html/HTMLTableElement36.xhtml':[
24,
25,
26,
27,
32,
33,
34,
35,
36,
37,
],
'project:external_webkit-jb-mr1/LayoutTests/dom/xhtml/level2/html/HTMLTableElement37.xhtml':[
24,
25,
26,
27,
32,
33,
34,
35,
36,
37,
],
'project:external_webkit-jb-mr1/LayoutTests/dom/xhtml/level2/html/HTMLTableElement38.xhtml':[
24,
25,
26,
27,
32,
33,
34,
35,
36,
37,
],
'project:external_webkit-jb-mr1/LayoutTests/dom/xhtml/level2/html/HTMLTableElement39.xhtml':[
24,
25,
26,
27,
32,
33,
34,
35,
36,
37,
],
'project:external_webkit-jb-mr1/LayoutTests/dom/xhtml/level2/html/HTMLTableElement40.xhtml':[
24,
25,
26,
27,
32,
33,
34,
35,
36,
37,
],
'project:external_webkit-jb-mr1/LayoutTests/dom/xhtml/level2/html/HTMLTableRowElement01.xhtml':[
24,
25,
26,
27,
32,
33,
34,
35,
36,
37,
],
'project:external_webkit-jb-mr1/LayoutTests/dom/xhtml/level2/html/HTMLTableRowElement02.xhtml':[
24,
25,
26,
27,
32,
33,
34,
35,
36,
37,
],
'project:external_webkit-jb-mr1/LayoutTests/dom/xhtml/level2/html/HTMLTableRowElement03.xhtml':[
24,
25,
26,
27,
32,
33,
34,
35,
36,
37,
],
'project:external_webkit-jb-mr1/LayoutTests/dom/xhtml/level2/html/HTMLTableRowElement04.xhtml':[
24,
25,
26,
27,
32,
33,
34,
35,
36,
37,
],
'project:external_webkit-jb-mr1/LayoutTests/dom/xhtml/level2/html/HTMLTableRowElement05.xhtml':[
24,
25,
26,
27,
32,
33,
34,
35,
36,
37,
],
'project:external_webkit-jb-mr1/LayoutTests/dom/xhtml/level2/html/HTMLTableRowElement06.xhtml':[
24,
25,
26,
27,
32,
33,
34,
35,
36,
37,
],
'project:external_webkit-jb-mr1/LayoutTests/dom/xhtml/level2/html/HTMLTableRowElement07.xhtml':[
24,
25,
26,
27,
32,
33,
34,
35,
36,
37,
],
'project:external_webkit-jb-mr1/LayoutTests/dom/xhtml/level2/html/HTMLTableRowElement08.xhtml':[
24,
25,
26,
27,
32,
33,
34,
35,
36,
37,
],
'project:external_webkit-jb-mr1/LayoutTests/dom/xhtml/level2/html/HTMLTableRowElement09.xhtml':[
24,
25,
26,
27,
32,
33,
34,
35,
36,
37,
],
'project:external_webkit-jb-mr1/LayoutTests/dom/xhtml/level2/html/HTMLTableRowElement10.xhtml':[
24,
25,
26,
27,
32,
33,
34,
35,
36,
37,
],
'project:external_webkit-jb-mr1/LayoutTests/dom/xhtml/level2/html/HTMLTableRowElement11.xhtml':[
24,
25,
26,
27,
32,
33,
34,
35,
36,
37,
],
'project:external_webkit-jb-mr1/LayoutTests/dom/xhtml/level2/html/HTMLTableRowElement12.xhtml':[
24,
25,
26,
27,
32,
33,
34,
35,
36,
37,
],
'project:external_webkit-jb-mr1/LayoutTests/dom/xhtml/level2/html/HTMLTableRowElement13.xhtml':[
24,
25,
26,
27,
32,
33,
34,
35,
36,
37,
],
'project:external_webkit-jb-mr1/LayoutTests/dom/xhtml/level2/html/HTMLTableRowElement14.xhtml':[
24,
25,
26,
27,
32,
33,
34,
35,
36,
37,
],
'project:external_webkit-jb-mr1/LayoutTests/dom/xhtml/level2/html/HTMLTableRowElement15.xhtml':[
24,
25,
26,
27,
32,
33,
34,
35,
36,
37,
],
'project:external_webkit-jb-mr1/LayoutTests/dom/xhtml/level2/html/HTMLTableRowElement16.xhtml':[
24,
25,
26,
27,
32,
33,
34,
35,
36,
37,
],
'project:external_webkit-jb-mr1/LayoutTests/dom/xhtml/level2/html/HTMLTableRowElement17.xhtml':[
24,
25,
26,
27,
32,
33,
34,
35,
36,
37,
],
'project:external_webkit-jb-mr1/LayoutTests/dom/xhtml/level2/html/HTMLTableRowElement18.xhtml':[
24,
25,
26,
27,
32,
33,
34,
35,
36,
37,
],
'project:external_webkit-jb-mr1/LayoutTests/dom/xhtml/level2/html/HTMLTableRowElement19.xhtml':[
24,
25,
26,
27,
32,
33,
34,
35,
36,
37,
],
'project:external_webkit-jb-mr1/LayoutTests/dom/xhtml/level2/html/HTMLTableRowElement20.xhtml':[
24,
25,
26,
27,
32,
33,
34,
35,
36,
37,
],
'project:external_webkit-jb-mr1/LayoutTests/dom/xhtml/level2/html/HTMLTableRowElement21.xhtml':[
24,
25,
26,
27,
32,
33,
34,
35,
36,
37,
],
'project:external_webkit-jb-mr1/LayoutTests/dom/xhtml/level2/html/HTMLTableSectionElement01.xhtml':[
26,
27,
28,
29,
34,
35,
36,
37,
38,
39,
],
'project:external_webkit-jb-mr1/LayoutTests/dom/xhtml/level2/html/HTMLTableSectionElement02.xhtml':[
26,
27,
28,
29,
34,
35,
36,
37,
38,
39,
],
'project:external_webkit-jb-mr1/LayoutTests/dom/xhtml/level2/html/HTMLTableSectionElement03.xhtml':[
26,
27,
28,
29,
34,
35,
36,
37,
38,
39,
],
'project:external_webkit-jb-mr1/LayoutTests/dom/xhtml/level2/html/HTMLTableSectionElement04.xhtml':[
26,
27,
28,
29,
34,
35,
36,
37,
38,
39,
],
'project:external_webkit-jb-mr1/LayoutTests/dom/xhtml/level2/html/HTMLTableSectionElement05.xhtml':[
26,
27,
28,
29,
34,
35,
36,
37,
38,
39,
],
'project:external_webkit-jb-mr1/LayoutTests/dom/xhtml/level2/html/HTMLTableSectionElement06.xhtml':[
26,
27,
28,
29,
34,
35,
36,
37,
38,
39,
],
'project:external_webkit-jb-mr1/LayoutTests/dom/xhtml/level2/html/HTMLTableSectionElement07.xhtml':[
26,
27,
28,
29,
34,
35,
36,
37,
38,
39,
],
'project:external_webkit-jb-mr1/LayoutTests/dom/xhtml/level2/html/HTMLTableSectionElement08.xhtml':[
26,
27,
28,
29,
34,
35,
36,
37,
38,
39,
],
'project:external_webkit-jb-mr1/LayoutTests/dom/xhtml/level2/html/HTMLTableSectionElement09.xhtml':[
26,
27,
28,
29,
34,
35,
36,
37,
38,
39,
],
'project:external_webkit-jb-mr1/LayoutTests/dom/xhtml/level2/html/HTMLTableSectionElement10.xhtml':[
26,
27,
28,
29,
34,
35,
36,
37,
38,
39,
],
'project:external_webkit-jb-mr1/LayoutTests/dom/xhtml/level2/html/HTMLTableSectionElement11.xhtml':[
26,
27,
28,
29,
34,
35,
36,
37,
38,
39,
],
'project:external_webkit-jb-mr1/LayoutTests/dom/xhtml/level2/html/HTMLTableSectionElement12.xhtml':[
26,
27,
28,
29,
34,
35,
36,
37,
38,
39,
],
'project:external_webkit-jb-mr1/LayoutTests/dom/xhtml/level2/html/HTMLTableSectionElement13.xhtml':[
26,
27,
28,
29,
34,
35,
36,
37,
38,
39,
],
'project:external_webkit-jb-mr1/LayoutTests/dom/xhtml/level2/html/HTMLTableSectionElement14.xhtml':[
26,
27,
28,
29,
34,
35,
36,
37,
38,
39,
],
'project:external_webkit-jb-mr1/LayoutTests/dom/xhtml/level2/html/HTMLTableSectionElement15.xhtml':[
26,
27,
28,
29,
34,
35,
36,
37,
38,
39,
],
'project:external_webkit-jb-mr1/LayoutTests/dom/xhtml/level2/html/HTMLTableSectionElement16.xhtml':[
26,
27,
28,
29,
34,
35,
36,
37,
38,
39,
],
'project:external_webkit-jb-mr1/LayoutTests/dom/xhtml/level2/html/HTMLTableSectionElement17.xhtml':[
26,
27,
28,
29,
34,
35,
36,
37,
38,
39,
],
'project:external_webkit-jb-mr1/LayoutTests/dom/xhtml/level2/html/HTMLTableSectionElement18.xhtml':[
26,
27,
28,
29,
34,
35,
36,
37,
38,
39,
],
'project:external_webkit-jb-mr1/LayoutTests/dom/xhtml/level2/html/HTMLTableSectionElement19.xhtml':[
26,
27,
28,
29,
34,
35,
36,
37,
38,
39,
],
'project:external_webkit-jb-mr1/LayoutTests/dom/xhtml/level2/html/HTMLTableSectionElement20.xhtml':[
26,
27,
28,
29,
34,
35,
36,
37,
38,
39,
],
'project:external_webkit-jb-mr1/LayoutTests/dom/xhtml/level2/html/HTMLTableSectionElement21.xhtml':[
26,
27,
28,
29,
34,
35,
36,
37,
38,
39,
],
'project:external_webkit-jb-mr1/LayoutTests/dom/xhtml/level2/html/HTMLTableSectionElement22.xhtml':[
26,
27,
28,
29,
34,
35,
36,
37,
38,
39,
],
'project:external_webkit-jb-mr1/LayoutTests/dom/xhtml/level2/html/HTMLTableSectionElement23.xhtml':[
26,
27,
28,
29,
34,
35,
36,
37,
38,
39,
],
'project:external_webkit-jb-mr1/LayoutTests/dom/xhtml/level2/html/HTMLTableSectionElement24.xhtml':[
26,
27,
28,
29,
34,
35,
36,
37,
38,
39,
],
'project:external_webkit-jb-mr1/LayoutTests/dom/xhtml/level2/html/HTMLTableSectionElement25.xhtml':[
26,
27,
28,
29,
34,
35,
36,
37,
38,
39,
],
'project:external_webkit-jb-mr1/LayoutTests/dom/xhtml/level2/html/HTMLTableSectionElement26.xhtml':[
26,
27,
28,
29,
34,
35,
36,
37,
38,
39,
],
'project:external_webkit-jb-mr1/LayoutTests/dom/xhtml/level2/html/HTMLTableSectionElement27.xhtml':[
26,
27,
28,
29,
34,
35,
36,
37,
38,
39,
],
'project:external_webkit-jb-mr1/LayoutTests/dom/xhtml/level2/html/HTMLTableSectionElement28.xhtml':[
26,
27,
28,
29,
34,
35,
36,
37,
38,
39,
],
'project:external_webkit-jb-mr1/LayoutTests/dom/xhtml/level2/html/HTMLTableSectionElement29.xhtml':[
26,
27,
28,
29,
34,
35,
36,
37,
38,
39,
],
'project:external_webkit-jb-mr1/LayoutTests/dom/xhtml/level2/html/HTMLTableSectionElement30.xhtml':[
26,
27,
28,
29,
34,
35,
36,
37,
38,
39,
],
'project:external_webkit-jb-mr1/LayoutTests/dom/xhtml/level2/html/HTMLTableSectionElement31.xhtml':[
26,
27,
28,
29,
34,
35,
36,
37,
38,
39,
],
'project:external_webkit-jb-mr1/LayoutTests/dom/xhtml/level2/html/table02.xhtml':[
26,
27,
28,
29,
34,
35,
36,
37,
38,
39,
],
'project:external_webkit-jb-mr1/LayoutTests/dom/xhtml/level2/html/table03.xhtml':[
26,
27,
28,
29,
34,
35,
36,
37,
38,
39,
],
'project:external_webkit-jb-mr1/LayoutTests/dom/xhtml/level2/html/table04.xhtml':[
26,
27,
28,
29,
34,
35,
36,
37,
38,
39,
],
'project:external_webkit-jb-mr1/LayoutTests/dom/xhtml/level2/html/table06.xhtml':[
26,
27,
28,
29,
34,
35,
36,
37,
38,
39,
],
'project:external_webkit-jb-mr1/LayoutTests/dom/xhtml/level2/html/table07.xhtml':[
26,
27,
28,
29,
34,
35,
36,
37,
38,
39,
],
'project:external_webkit-jb-mr1/LayoutTests/dom/xhtml/level2/html/table08.xhtml':[
26,
27,
28,
29,
34,
35,
36,
37,
38,
39,
],
'project:external_webkit-jb-mr1/LayoutTests/dom/xhtml/level2/html/table09.xhtml':[
26,
27,
28,
29,
34,
35,
36,
37,
38,
39,
],
'project:external_webkit-jb-mr1/LayoutTests/dom/xhtml/level2/html/table10.xhtml':[
26,
27,
28,
29,
34,
35,
36,
37,
38,
39,
],
'project:external_webkit-jb-mr1/LayoutTests/dom/xhtml/level2/html/table12.xhtml':[
26,
27,
28,
29,
34,
35,
36,
37,
38,
39,
],
'project:external_webkit-jb-mr1/LayoutTests/dom/xhtml/level2/html/table15.xhtml':[
26,
27,
28,
29,
34,
35,
36,
37,
38,
39,
],
'project:external_webkit-jb-mr1/LayoutTests/dom/xhtml/level2/html/table17.xhtml':[
26,
27,
28,
29,
34,
35,
36,
37,
38,
39,
],
'project:external_webkit-jb-mr1/LayoutTests/dom/xhtml/level2/html/table33.xhtml':[
24,
25,
26,
27,
32,
33,
34,
35,
36,
37,
],
'project:external_webkit-jb-mr1/LayoutTests/dom/xhtml/level2/html/table34.xhtml':[
24,
25,
26,
27,
32,
33,
34,
35,
36,
37,
],
'project:external_webkit-jb-mr1/LayoutTests/dom/xhtml/level2/html/table35.xhtml':[
24,
25,
26,
27,
32,
33,
34,
35,
36,
37,
],
'project:external_webkit-jb-mr1/LayoutTests/dom/xhtml/level2/html/table36.xhtml':[
24,
25,
26,
27,
32,
33,
34,
35,
36,
37,
],
'project:external_webkit-jb-mr1/LayoutTests/dom/xhtml/level2/html/table37.xhtml':[
24,
25,
26,
27,
32,
33,
34,
35,
36,
37,
],
'project:external_webkit-jb-mr1/LayoutTests/dom/xhtml/level2/html/table38.xhtml':[
24,
25,
26,
27,
32,
33,
34,
35,
36,
37,
],
'project:external_webkit-jb-mr1/LayoutTests/dom/xhtml/level2/html/table39.xhtml':[
24,
25,
26,
27,
32,
33,
34,
35,
36,
37,
],
'project:external_webkit-jb-mr1/LayoutTests/dom/xhtml/level2/html/table40.xhtml':[
24,
25,
26,
27,
32,
33,
34,
35,
36,
37,
],
'project:external_webkit-jb-mr1/LayoutTests/dom/xhtml/level2/html/table41.xhtml':[
24,
25,
26,
27,
32,
33,
34,
35,
36,
37,
],
'project:external_webkit-jb-mr1/LayoutTests/dom/xhtml/level2/html/table42.xhtml':[
24,
25,
26,
27,
32,
33,
34,
35,
36,
37,
],
'project:external_webkit-jb-mr1/LayoutTests/dom/xhtml/level2/html/table43.xhtml':[
24,
25,
26,
27,
32,
33,
34,
35,
36,
37,
],
'project:external_webkit-jb-mr1/LayoutTests/dom/xhtml/level2/html/table44.xhtml':[
24,
25,
26,
27,
32,
33,
34,
35,
36,
37,
],
'project:external_webkit-jb-mr1/LayoutTests/dom/xhtml/level2/html/table45.xhtml':[
24,
25,
26,
27,
32,
33,
34,
35,
36,
37,
],
'project:external_webkit-jb-mr1/LayoutTests/dom/xhtml/level2/html/table46.xhtml':[
24,
25,
26,
27,
32,
33,
34,
35,
36,
37,
],
'project:external_webkit-jb-mr1/LayoutTests/dom/xhtml/level2/html/table47.xhtml':[
24,
25,
26,
27,
32,
33,
34,
35,
36,
37,
],
'project:external_webkit-jb-mr1/PerformanceTests/Parser/resources/html5.html':[
30921,
30922,
31448,
31448,
31448,
31448,
31448,
31448,
31448,
31449,
31450,
31451,
31452,
31453,
31454,
31477,
31477,
31477,
31477,
31477,
31477,
31477,
31478,
31479,
31480,
31481,
31482,
31483,
32003,
32003,
32003,
32003,
32005,
32006,
32008,
32009,
33180,
33181,
33182,
33183,
33184,
33185,
33186,
33243,
33244,
33245,
33246,
33247,
33251,
33255,
33259,
33285,
33285,
33285,
33285,
34601,
34602,
34603,
34607,
34608,
34609,
34614,
34616,
34617,
34618,
34620,
34621,
34622,
34623,
34628,
34652,
34676,
34700,
34724,
34748,
34772,
34796,
34820,
34844,
34868,
34892,
34916,
34940,
34964,
34988,
35012,
35036,
35060,
35084,
35108,
35132,
35156,
35182,
35206,
35230,
35254,
35278,
35302,
35326,
35350,
35374,
35398,
35422,
35446,
35470,
35496,
35520,
43025,
43026,
43027,
43028,
43029,
43034,
43039,
43044,
43049,
43054,
48010,
48011,
48012,
48013,
48014,
80778,
80779,
80780,
80781,
80782,
80783,
80784,
80785,
80803,
80811,
80819,
80839,
80848,
80857,
80873,
80881,
80890,
80898,
80908,
80934,
80942,
80966,
80977,
80984,
80992,
81000,
81008,
81016,
81032,
81041,
81048,
81058,
81069,
81077,
81085,
81093,
81100,
81108,
81123,
81137,
81144,
81153,
81161,
81176,
81186,
81193,
81201,
81210,
81217,
81226,
81234,
81251,
81267,
81310,
81320,
81328,
81348,
81360,
81367,
81375,
81392,
81402,
81410,
81421,
81436,
81453,
81462,
81472,
81493,
81502,
81511,
81524,
81539,
81547,
81556,
81564,
81577,
81586,
81593,
81600,
81610,
81618,
81633,
81642,
81662,
81670,
81681,
81689,
81697,
81710,
81718,
81725,
81733,
81746,
81753,
81763,
81788,
81795,
81806,
81813,
81823,
81830,
81841,
81853,
81860,
81868,
81887,
82230,
82231,
82232,
82233,
82234,
82238,
82242,
82246,
82250,
82256,
82260,
82265,
82273,
82278,
82282,
82286,
82290,
82295,
82302,
82306,
82310,
82315,
82319,
82323,
82327,
82332,
82336,
82340,
82345,
82349,
82353,
82357,
82369,
82373,
82377,
82381,
82385,
82399,
82404,
82409,
82414,
82419,
82424,
82429,
82439,
82443,
82447,
82452,
82456,
82460,
82466,
82470,
82474,
82478,
82483,
82487,
82491,
82495,
82499,
82504,
82509,
82518,
82528,
82532,
82536,
82541,
82545,
82549,
82553,
82558,
82563,
82571,
82575,
82579,
82583,
82588,
82598,
82602,
82607,
82611,
82615,
82619,
82623,
82627,
82631,
82636,
82642,
82647,
82651,
82658,
82662,
82666,
82671,
82677,
82682,
82686,
82690,
82695,
82702,
82706,
82713,
82717,
82721,
82725,
82732,
82737,
82741,
82746,
82760,
82765,
82770,
82774,
82778,
82782,
82786,
82790,
82795,
82799,
82803,
82807,
82812,
82816,
82820,
82825,
82831,
82837,
82842,
82848,
82856,
82860,
82865,
82870,
82874,
82878,
82883,
82887,
82897,
82905,
82906,
82907,
82908,
82909,
82914,
82919,
82924,
82929,
82934,
82939,
82944,
82949,
82954,
82959,
82964,
82969,
82974,
82979,
82984,
82989,
82994,
82999,
83004,
83009,
83014,
83019,
83024,
83029,
83034,
83039,
83044,
83049,
83054,
83059,
83064,
83069,
83074,
83079,
83084,
83089,
83094,
83099,
83104,
83109,
83114,
83119,
83124,
83129,
83134,
83139,
83144,
83149,
83154,
83159,
83164,
83169,
83174,
83179,
83184,
83189,
83194,
83199,
83204,
83209,
83214,
83219,
83224,
83229,
83234,
83239,
83244,
83249,
83254,
83259,
83264,
83269,
],
'project:phpMyAdmin-4.0.4-english/db_printview.php':[
99,
100,
101,
107,
125,
219,
222,
225,
233,
239,
],
'project:phpMyAdmin-4.0.4-english/server_plugins.php':[
94,
95,
96,
97,
98,
99,
109,
129,
130,
131,
132,
133,
134,
144,
],
'project:sonar-master/sonar-server/src/main/webapp/WEB-INF/app/views/bulk_deletion/index.html.erb':[
48,
49,
57,
],
'project:sonar-master/sonar-server/src/main/webapp/WEB-INF/app/views/comparison/index.html.erb':[
157,
162,
188,
191,
197,
205,
],
'project:sonar-master/sonar-server/src/main/webapp/WEB-INF/app/views/updatecenter/index.html.erb':[
11,
13,
14,
15,
],
}
